 Navigation

 Timestamp is 691f1940 (Thu Nov 20 14:36:00 2025)

 Preferred load address is 10000000

 Start         Length     Name                   Class
 0001:00000000 00000060H .text$di                CODE
 0001:00000060 00059fe0H .text$mn                CODE
 0001:0005a040 00001d20H .text$x                 CODE
 0001:0005bd60 00000050H .text$yd                CODE
 0002:00000000 000002e8H .idata$5                DATA
 0002:000002e8 00000008H .00cfg                  DATA
 0002:000002f0 00000004H .CRT$XCA                DATA
 0002:000002f4 00000004H .CRT$XCL                DATA
 0002:000002f8 00000004H .CRT$XCU                DATA
 0002:000002fc 00000004H .CRT$XCZ                DATA
 0002:00000300 00000004H .CRT$XIA                DATA
 0002:00000304 00000004H .CRT$XIZ                DATA
 0002:00000308 00000004H .CRT$XLA                DATA
 0002:0000030c 00000004H .CRT$XLZ                DATA
 0002:00000310 00000004H .CRT$XPA                DATA
 0002:00000314 00000004H .CRT$XPZ                DATA
 0002:00000318 00000004H .CRT$XTA                DATA
 0002:0000031c 00000004H .CRT$XTZ                DATA
 0002:00000320 00000000H .gfids$y                DATA
 0002:00000320 00000000H .giats$y                DATA
 0002:00000320 00007720H .rdata                  DATA
 0002:00007a40 00000000H .rdata$CastGuardVftablesA DATA
 0002:00007a40 00000000H .rdata$CastGuardVftablesC DATA
 0002:00007a40 00000018H .rdata$T                DATA
 0002:00007a58 00000858H .rdata$r                DATA
 0002:000082b0 000001e4H .rdata$sxdata           DATA
 0002:00008494 00000c30H .rdata$voltmd           DATA
 0002:000090c4 000003ccH .rdata$zzzdbg           DATA
 0002:00009490 00000004H .rtc$IAA                DATA
 0002:00009494 00000000H .rtc$IMZ                DATA
 0002:00009494 00000004H .rtc$IZZ                DATA
 0002:00009498 00000004H .rtc$TAA                DATA
 0002:0000949c 00000000H .rtc$TMZ                DATA
 0002:0000949c 00000004H .rtc$TZZ                DATA
 0002:000094a0 00000004H .tls                    DATA
 0002:000094a4 00000004H .tls$                   DATA
 0002:000094a8 00000008H .tls$ZZZ                DATA
 0002:000094b0 000017a0H .xdata$x                DATA
 0002:0000ac50 0000091cH .edata                  DATA
 0002:0000b56c 00000050H .idata$2                DATA
 0002:0000b5bc 00000014H .idata$3                DATA
 0002:0000b5d0 000002e8H .idata$4                DATA
 0002:0000b8b8 0000190cH .idata$6                DATA
 0003:00000000 000000c8H .data                   DATA
 0003:000000c8 00000110H .data$r                 DATA
 0003:000001d8 000003e8H .data$rs                DATA
 0003:000005c0 00000408H .bss                    DATA
 0004:00000000 00000764H .msvcjmc                DATA
 0005:00000000 00000060H .rsrc$01                DATA
 0005:00000060 00000180H .rsrc$02                DATA

  Address         Publics by Value              Rva+Base       Lib:Object

 0000:00000000       ___AbsoluteZero            00000000     <absolute>
 0000:00000000       ___arm64x_extra_rfe_table  00000000     <absolute>
 0000:00000000       ___arm64x_extra_rfe_table_size 00000000     <absolute>
 0000:00000000       ___arm64x_native_entrypoint 00000000     <absolute>
 0000:00000000       ___arm64x_redirection_metadata 00000000     <absolute>
 0000:00000000       ___arm64x_redirection_metadata_count 00000000     <absolute>
 0000:00000000       ___dynamic_value_reloc_table 00000000     <absolute>
 0000:00000000       ___enclave_config          00000000     <absolute>
 0000:00000000       ___guard_check_icall_a64n_fptr 00000000     <absolute>
 0000:00000000       ___guard_eh_cont_count     00000000     <absolute>
 0000:00000000       ___guard_eh_cont_table     00000000     <absolute>
 0000:00000000       ___guard_fids_count        00000000     <absolute>
 0000:00000000       ___guard_fids_table        00000000     <absolute>
 0000:00000000       ___guard_iat_count         00000000     <absolute>
 0000:00000000       ___guard_iat_table         00000000     <absolute>
 0000:00000000       ___guard_longjmp_count     00000000     <absolute>
 0000:00000000       ___guard_longjmp_table     00000000     <absolute>
 0000:00000000       ___hybrid_auxiliary_delayload_iat 00000000     <absolute>
 0000:00000000       ___hybrid_auxiliary_delayload_iat_copy 00000000     <absolute>
 0000:00000000       ___hybrid_auxiliary_iat    00000000     <absolute>
 0000:00000000       ___hybrid_auxiliary_iat_copy 00000000     <absolute>
 0000:00000000       ___hybrid_code_map         00000000     <absolute>
 0000:00000000       ___hybrid_code_map_count   00000000     <absolute>
 0000:00000000       ___hybrid_image_info_bitfield 00000000     <absolute>
 0000:00000000       ___x64_code_ranges_to_entry_points 00000000     <absolute>
 0000:00000000       ___x64_code_ranges_to_entry_points_count 00000000     <absolute>
 0000:0000002c       __tls_array                0000002c     <absolute>
 0000:00000079       ___safe_se_handler_count   00000079     <absolute>
 0000:00000100       ___guard_flags             00000100     <absolute>
 0000:00000000       ___ImageBase               10000000     <linker-defined>
 0001:00000060       ?dtAllocSetCustom@@YAXP6APAXIW4dtAllocHint@@@ZP6AXPAX@Z@Z 10001060 f   DetourAlloc.obj
 0001:000000d0       ?dtAlloc@@YAPAXIW4dtAllocHint@@@Z 100010d0 f   DetourAlloc.obj
 0001:00000120       ?dtFree@@YAXPAX@Z          10001120 f   DetourAlloc.obj
 0001:000001d0       ?dtAssertFailSetCustom@@YAXP6AXPBD0H@Z@Z 100011d0 f   DetourAssert.obj
 0001:000001f0       ?dtAssertFailGetCustom@@YAP6AXPBD0H@ZXZ 100011f0 f   DetourAssert.obj
 0001:00000210       ?dtClosestPtPointTriangle@@YAXPAMPBM111@Z 10001210 f   DetourCommon.obj
 0001:00000900       ?dtClosestHeightPointTriangle@@YA_NPBM000AAM@Z 10001900 f   DetourCommon.obj
 0001:00000b80       ?dtIntersectSegmentPoly2D@@YA_NPBM00HAAM1AAH2@Z 10001b80 f   DetourCommon.obj
 0001:00000db0       ?dtIntersectSegSeg2D@@YA_NPBM000AAM1@Z 10001db0 f   DetourCommon.obj
 0001:00000f00       ?dtPointInPolygon@@YA_NPBM0H@Z 10001f00 f   DetourCommon.obj
 0001:000010b0       ?dtDistancePtPolyEdgesSqr@@YA_NPBM0HPAM1@Z 100020b0 f   DetourCommon.obj
 0001:00001280       ?dtDistancePtSegSqr2D@@YAMPBM00AAM@Z 10002280 f   DetourCommon.obj
 0001:00001460       ?dtCalcPolyCenter@@YAXPAMPBGHPBM@Z 10002460 f   DetourCommon.obj
 0001:00001620       ?dtOverlapPolyPoly2D@@YA_NPBMH0H@Z 10002620 f   DetourCommon.obj
 0001:000019c0       ?dtRandomPointInConvexPoly@@YAXPBMHPAMMM1@Z 100029c0 f   DetourCommon.obj
 0001:00001d90       ??$dtMax@M@@YAMMM@Z        10002d90 f i DetourCommon.obj
 0001:00001de0       ??$dtMin@M@@YAMMM@Z        10002de0 f i DetourCommon.obj
 0001:00001e30       ?dtMathSqrtf@@YAMM@Z       10002e30 f i DetourCommon.obj
 0001:00001e60       ?dtTriArea2D@@YAMPBM00@Z   10002e60 f i DetourCommon.obj
 0001:00001f50       ?dtVcopy@@YAXPAMPBM@Z      10002f50 f i DetourCommon.obj
 0001:00001fc0       ?dtVdot2D@@YAMPBM0@Z       10002fc0 f i DetourCommon.obj
 0001:00002030       ?dtVdot@@YAMPBM0@Z         10003030 f i DetourCommon.obj
 0001:000020d0       ?dtVperp2D@@YAMPBM0@Z      100030d0 f i DetourCommon.obj
 0001:00002140       ?dtVsub@@YAXPAMPBM1@Z      10003140 f i DetourCommon.obj
 0001:000021f0       ?overlapRange@@YA_NMMMMM@Z 100031f0 f i DetourCommon.obj
 0001:00002250       ?vperpXZ@@YAMPBM0@Z        10003250 f i DetourCommon.obj
 0001:000022c0       _fabsf                     100032c0 f i DetourCommon.obj
 0001:00002300       _sqrtf                     10003300 f i DetourCommon.obj
 0001:00002340       ??0dtNavMesh@@QAE@XZ       10003340 f   DetourNavMesh.obj
 0001:00002410       ??1dtNavMesh@@QAE@XZ       10003410 f   DetourNavMesh.obj
 0001:00002500       ?init@dtNavMesh@@QAEIPBUdtNavMeshParams@@@Z 10003500 f   DetourNavMesh.obj
 0001:000026b0       ?init@dtNavMesh@@QAEIPAEHH@Z 100036b0 f   DetourNavMesh.obj
 0001:00002810       ?getParams@dtNavMesh@@QBEPBUdtNavMeshParams@@XZ 10003810 f   DetourNavMesh.obj
 0001:00002840       ?addTile@dtNavMesh@@QAEIPAEHH_KPA_K@Z 10003840 f   DetourNavMesh.obj
 0001:00002ed0       ?removeTile@dtNavMesh@@QAEI_KPAPAEPAH@Z 10003ed0 f   DetourNavMesh.obj
 0001:00003290       ?calcTileLoc@dtNavMesh@@QBEXPBMPAH1@Z 10004290 f   DetourNavMesh.obj
 0001:00003340       ?getTileAt@dtNavMesh@@QBEPBUdtMeshTile@@HHH@Z 10004340 f   DetourNavMesh.obj
 0001:000033f0       ?getTilesAt@dtNavMesh@@QBEHHHPAPBUdtMeshTile@@H@Z 100043f0 f   DetourNavMesh.obj
 0001:000034b0       ?getTileRefAt@dtNavMesh@@QBE_KHHH@Z 100044b0 f   DetourNavMesh.obj
 0001:00003570       ?getTileRef@dtNavMesh@@QBE_KPBUdtMeshTile@@@Z 10004570 f   DetourNavMesh.obj
 0001:000035e0       ?getTileByRef@dtNavMesh@@QBEPBUdtMeshTile@@_K@Z 100045e0 f   DetourNavMesh.obj
 0001:00003680       ?getMaxTiles@dtNavMesh@@QBEHXZ 10004680 f   DetourNavMesh.obj
 0001:000036b0       ?getTile@dtNavMesh@@QBEPBUdtMeshTile@@H@Z 100046b0 f   DetourNavMesh.obj
 0001:000036f0       ?getTileAndPolyByRef@dtNavMesh@@QBEI_KPAPBUdtMeshTile@@PAPBUdtPoly@@@Z 100046f0 f   DetourNavMesh.obj
 0001:00003840       ?getTileAndPolyByRefUnsafe@dtNavMesh@@QBEX_KPAPBUdtMeshTile@@PAPBUdtPoly@@@Z 10004840 f   DetourNavMesh.obj
 0001:00003920       ?isValidPolyRef@dtNavMesh@@QBE_N_K@Z 10004920 f   DetourNavMesh.obj
 0001:00003a30       ?getPolyRefBase@dtNavMesh@@QBE_KPBUdtMeshTile@@@Z 10004a30 f   DetourNavMesh.obj
 0001:00003aa0       ?getOffMeshConnectionPolyEndPoints@dtNavMesh@@QBEI_K0PAM1@Z 10004aa0 f   DetourNavMesh.obj
 0001:00003cd0       ?getOffMeshConnectionByRef@dtNavMesh@@QBEPBUdtOffMeshConnection@@_K@Z 10004cd0 f   DetourNavMesh.obj
 0001:00003e70       ?setPolyFlags@dtNavMesh@@QAEI_KG@Z 10004e70 f   DetourNavMesh.obj
 0001:00003fb0       ?getPolyFlags@dtNavMesh@@QBEI_KPAG@Z 10004fb0 f   DetourNavMesh.obj
 0001:00004100       ?setPolyArea@dtNavMesh@@QAEI_KE@Z 10005100 f   DetourNavMesh.obj
 0001:00004250       ?getPolyArea@dtNavMesh@@QBEI_KPAE@Z 10005250 f   DetourNavMesh.obj
 0001:000043a0       ?getTileStateSize@dtNavMesh@@QBEHPBUdtMeshTile@@@Z 100053a0 f   DetourNavMesh.obj
 0001:00004410       ?storeTileState@dtNavMesh@@QBEIPBUdtMeshTile@@PAEH@Z 10005410 f   DetourNavMesh.obj
 0001:00004540       ?restoreTileState@dtNavMesh@@QAEIPAUdtMeshTile@@PBEH@Z 10005540 f   DetourNavMesh.obj
 0001:000046a0       ?getTile@dtNavMesh@@AAEPAUdtMeshTile@@H@Z 100056a0 f   DetourNavMesh.obj
 0001:000046e0       ?getTilesAt@dtNavMesh@@ABEHHHPAPAUdtMeshTile@@H@Z 100056e0 f   DetourNavMesh.obj
 0001:000047a0       ?getNeighbourTilesAt@dtNavMesh@@ABEHHHHPAPAUdtMeshTile@@H@Z 100057a0 f   DetourNavMesh.obj
 0001:000048b0       ?findConnectingPolys@dtNavMesh@@ABEHPBM0PBUdtMeshTile@@HPA_KPAMH@Z 100058b0 f   DetourNavMesh.obj
 0001:00004bc0       ?connectIntLinks@dtNavMesh@@AAEXPAUdtMeshTile@@@Z 10005bc0 f   DetourNavMesh.obj
 0001:00004d30       ?baseOffMeshLinks@dtNavMesh@@AAEXPAUdtMeshTile@@@Z 10005d30 f   DetourNavMesh.obj
 0001:00005050       ?connectExtLinks@dtNavMesh@@AAEXPAUdtMeshTile@@0H@Z 10006050 f   DetourNavMesh.obj
 0001:00005600       ?connectExtOffMeshLinks@dtNavMesh@@AAEXPAUdtMeshTile@@0H@Z 10006600 f   DetourNavMesh.obj
 0001:000059c0       ?unconnectLinks@dtNavMesh@@AAEXPAUdtMeshTile@@0@Z 100069c0 f   DetourNavMesh.obj
 0001:00005b10       ?queryPolygonsInTile@dtNavMesh@@ABEHPBUdtMeshTile@@PBM1PA_KH@Z 10006b10 f   DetourNavMesh.obj
 0001:00006220       ?findNearestPolyInTile@dtNavMesh@@ABE_KPBUdtMeshTile@@PBM1PAM@Z 10007220 f   DetourNavMesh.obj
 0001:00006510       ?getPolyHeight@dtNavMesh@@ABE_NPBUdtMeshTile@@PBUdtPoly@@PBMPAM@Z 10007510 f   DetourNavMesh.obj
 0001:000067d0       ?closestPointOnPoly@dtNavMesh@@ABEX_KPBMPAMPA_N@Z 100077d0 f   DetourNavMesh.obj
 0001:00006980       ?dtAllocNavMesh@@YAPAVdtNavMesh@@XZ 10007980 f   DetourNavMesh.obj
 0001:000069e0       ?dtFreeNavMesh@@YAXPAVdtNavMesh@@@Z 100079e0 f   DetourNavMesh.obj
 0001:000071a0       ??$dtAbs@M@@YAMM@Z         100081a0 f i DetourNavMesh.obj
 0001:000071f0       ??$dtClamp@M@@YAMMMM@Z     100081f0 f i DetourNavMesh.obj
 0001:00007270       ??$dtGetThenAdvanceBufferPointer@$$CBUdtPolyState@@@@YAPBUdtPolyState@@AAPBEI@Z 10008270 f i DetourNavMesh.obj
 0001:00007270       ??$dtGetThenAdvanceBufferPointer@$$CBUdtTileState@@@@YAPBUdtTileState@@AAPBEI@Z 10008270 f i DetourNavMesh.obj
 0001:00007270       ??$dtGetThenAdvanceBufferPointer@E@@YAPAEAAPAEI@Z 10008270 f i DetourNavMesh.obj
 0001:00007270       ??$dtGetThenAdvanceBufferPointer@M@@YAPAMAAPAEI@Z 10008270 f i DetourNavMesh.obj
 0001:00007270       ??$dtGetThenAdvanceBufferPointer@UdtBVNode@@@@YAPAUdtBVNode@@AAPAEI@Z 10008270 f i DetourNavMesh.obj
 0001:00007270       ??$dtGetThenAdvanceBufferPointer@UdtLink@@@@YAPAUdtLink@@AAPAEI@Z 10008270 f i DetourNavMesh.obj
 0001:00007270       ??$dtGetThenAdvanceBufferPointer@UdtOffMeshConnection@@@@YAPAUdtOffMeshConnection@@AAPAEI@Z 10008270 f i DetourNavMesh.obj
 0001:00007270       ??$dtGetThenAdvanceBufferPointer@UdtPoly@@@@YAPAUdtPoly@@AAPAEI@Z 10008270 f i DetourNavMesh.obj
 0001:00007270       ??$dtGetThenAdvanceBufferPointer@UdtPolyDetail@@@@YAPAUdtPolyDetail@@AAPAEI@Z 10008270 f i DetourNavMesh.obj
 0001:00007270       ??$dtGetThenAdvanceBufferPointer@UdtPolyState@@@@YAPAUdtPolyState@@AAPAEI@Z 10008270 f i DetourNavMesh.obj
 0001:00007270       ??$dtGetThenAdvanceBufferPointer@UdtTileState@@@@YAPAUdtTileState@@AAPAEI@Z 10008270 f i DetourNavMesh.obj
 0001:000072b0       ??$dtSqr@M@@YAMM@Z         100082b0 f i DetourNavMesh.obj
 0001:000072f0       ??$dtSwap@M@@YAXAAM0@Z     100082f0 f i DetourNavMesh.obj
 0001:00007340       ??2@YAPAXIPAX@Z            10008340 f i DetourNavMesh.obj
 0001:00007360       ??_GdtNavMesh@@QAEPAXI@Z   10008360 f i DetourNavMesh.obj
 0001:000073a0       ?allocLink@@YAIPAUdtMeshTile@@@Z 100083a0 f i DetourNavMesh.obj
 0001:00007400       ?computeTileHash@@YAHHHH@Z 10008400 f i DetourNavMesh.obj
 0001:00007460       ?decodePolyId@dtNavMesh@@QBEX_KAAI11@Z 10008460 f i DetourNavMesh.obj
 0001:00007500       ?decodePolyIdPoly@dtNavMesh@@QBEI_K@Z 10008500 f i DetourNavMesh.obj
 0001:00007550       ?decodePolyIdSalt@dtNavMesh@@QBEI_K@Z 10008550 f i DetourNavMesh.obj
 0001:000075b0       ?decodePolyIdTile@dtNavMesh@@QBEI_K@Z 100085b0 f i DetourNavMesh.obj
 0001:00007610       ?dtAlign4@@YAHH@Z          10008610 f i DetourNavMesh.obj
 0001:00007630       ?dtGetDetailTriEdgeFlags@@YAHEH@Z 10008630 f i DetourNavMesh.obj
 0001:00007660       ?dtNextPow2@@YAII@Z        10008660 f i DetourNavMesh.obj
 0001:000076d0       ?dtOppositeTile@@YAHH@Z    100086d0 f i DetourNavMesh.obj
 0001:000076f0       ?dtOverlapBounds@@YA_NPBM000@Z 100086f0 f i DetourNavMesh.obj
 0001:00007820       ?dtOverlapQuantBounds@@YA_NQBG000@Z 10008820 f i DetourNavMesh.obj
 0001:00007950       ?dtStatusFailed@@YA_NI@Z   10008950 f i DetourNavMesh.obj
 0001:000079a0       ?dtVadd@@YAXPAMPBM1@Z      100089a0 f i DetourNavMesh.obj
 0001:00007a50       ?dtVlenSqr@@YAMPBM@Z       10008a50 f i DetourNavMesh.obj
 0001:00007af0       ?dtVlerp@@YAXPAMPBM1M@Z    10008af0 f i DetourNavMesh.obj
 0001:00007be0       ?dtVmax@@YAXPAMPBM@Z       10008be0 f i DetourNavMesh.obj
 0001:00007cc0       ?dtVmin@@YAXPAMPBM@Z       10008cc0 f i DetourNavMesh.obj
 0001:00007da0       ?encodePolyId@dtNavMesh@@QBE_KIII@Z 10008da0 f i DetourNavMesh.obj
 0001:00007e00       ?freeLink@@YAXPAUdtMeshTile@@I@Z 10008e00 f i DetourNavMesh.obj
 0001:00007e40       ?getArea@dtPoly@@QBEEXZ    10008e40 f i DetourNavMesh.obj
 0001:00007e70       ?getType@dtPoly@@QBEEXZ    10008e70 f i DetourNavMesh.obj
 0001:00007ea0       ?overlapSlabs@@YA_NPBM000MM@Z 10008ea0 f i DetourNavMesh.obj
 0001:00008130       ?setArea@dtPoly@@QAEXE@Z   10009130 f i DetourNavMesh.obj
 0001:00008180       _floorf                    10009180 f i DetourNavMesh.obj
 0001:000081d0       ?dtCreateNavMeshData@@YA_NPAUdtNavMeshCreateParams@@PAPAEPAH@Z 100091d0 f   DetourNavMeshBuilder.obj
 0001:00009770       ?dtNavMeshHeaderSwapEndian@@YA_NPAEH@Z 1000a770 f   DetourNavMeshBuilder.obj
 0001:00009a20       ?dtNavMeshDataSwapEndian@@YA_NPAEH@Z 1000aa20 f   DetourNavMeshBuilder.obj
 0001:0000add0       ??$dtClamp@H@@YAHHHH@Z     1000bdd0 f i DetourNavMeshBuilder.obj
 0001:0000ae30       ??$dtGetThenAdvanceBufferPointer@UdtMeshHeader@@@@YAPAUdtMeshHeader@@AAPAEI@Z 1000be30 f i DetourNavMeshBuilder.obj
 0001:0000ae70       ?dtMathCeilf@@YAMM@Z       1000be70 f i DetourNavMeshBuilder.obj
 0001:0000aea0       ?dtMathFloorf@@YAMM@Z      1000bea0 f i DetourNavMeshBuilder.obj
 0001:0000aed0       ?dtSwapByte@@YAXPAE0@Z     1000bed0 f i DetourNavMeshBuilder.obj
 0001:0000af10       ?dtSwapEndian@@YAXPAG@Z    1000bf10 f i DetourNavMeshBuilder.obj
 0001:0000af50       ?dtSwapEndian@@YAXPAH@Z    1000bf50 f i DetourNavMeshBuilder.obj
 0001:0000af50       ?dtSwapEndian@@YAXPAI@Z    1000bf50 f i DetourNavMeshBuilder.obj
 0001:0000af50       ?dtSwapEndian@@YAXPAM@Z    1000bf50 f i DetourNavMeshBuilder.obj
 0001:0000afb0       ?longestAxis@@YAHGGG@Z     1000bfb0 f i DetourNavMeshBuilder.obj
 0001:0000b020       ?setType@dtPoly@@QAEXE@Z   1000c020 f i DetourNavMeshBuilder.obj
 0001:0000b070       _ceilf                     1000c070 f i DetourNavMeshBuilder.obj
 0001:0000b0c0       ??0dtQueryFilter@@QAE@XZ   1000c0c0 f   DetourNavMeshQuery.obj
 0001:0000b140       ??1dtPolyQuery@@UAE@XZ     1000c140 f   DetourNavMeshQuery.obj
 0001:0000b170       ??0dtNavMeshQuery@@QAE@XZ  1000c170 f   DetourNavMeshQuery.obj
 0001:0000b1e0       ??1dtNavMeshQuery@@QAE@XZ  1000c1e0 f   DetourNavMeshQuery.obj
 0001:0000b2d0       ?init@dtNavMeshQuery@@QAEIPBVdtNavMesh@@H@Z 1000c2d0 f   DetourNavMeshQuery.obj
 0001:0000b4e0       ?findPath@dtNavMeshQuery@@QBEI_K0PBM1PBVdtQueryFilter@@PA_KPAHH@Z 1000c4e0 f   DetourNavMeshQuery.obj
 0001:0000bf30       ?findStraightPath@dtNavMeshQuery@@QBEIPBM0PB_KHPAMPAEPA_KPAHHH@Z 1000cf30 f   DetourNavMeshQuery.obj
 0001:0000c9c0       ?initSlicedFindPath@dtNavMeshQuery@@QAEI_K0PBM1PBVdtQueryFilter@@I@Z 1000d9c0 f   DetourNavMeshQuery.obj
 0001:0000cd30       ?updateSlicedFindPath@dtNavMeshQuery@@QAEIHPAH@Z 1000dd30 f   DetourNavMeshQuery.obj
 0001:0000d880       ?finalizeSlicedFindPath@dtNavMeshQuery@@QAEIPA_KPAHH@Z 1000e880 f   DetourNavMeshQuery.obj
 0001:0000dc90       ?finalizeSlicedFindPathPartial@dtNavMeshQuery@@QAEIPB_KHPA_KPAHH@Z 1000ec90 f   DetourNavMeshQuery.obj
 0001:0000e100       ?findPolysAroundCircle@dtNavMeshQuery@@QBEI_KPBMMPBVdtQueryFilter@@PA_K3PAMPAHH@Z 1000f100 f   DetourNavMeshQuery.obj
 0001:0000e950       ?findPolysAroundShape@dtNavMeshQuery@@QBEI_KPBMHPBVdtQueryFilter@@PA_K3PAMPAHH@Z 1000f950 f   DetourNavMeshQuery.obj
 0001:0000f2d0       ?getPathFromDijkstraSearch@dtNavMeshQuery@@QBEI_KPA_KPAHH@Z 100102d0 f   DetourNavMeshQuery.obj
 0001:0000f3f0       ?findNearestPoly@dtNavMeshQuery@@QBEIPBM0PBVdtQueryFilter@@PA_KPAM@Z 100103f0 f   DetourNavMeshQuery.obj
 0001:0000f440       ?findNearestPoly@dtNavMeshQuery@@QBEIPBM0PBVdtQueryFilter@@PA_KPAMPA_N@Z 10010440 f   DetourNavMeshQuery.obj
 0001:0000f600       ?queryPolygons@dtNavMeshQuery@@QBEIPBM0PBVdtQueryFilter@@PA_KPAHH@Z 10010600 f   DetourNavMeshQuery.obj
 0001:0000f770       ?queryPolygons@dtNavMeshQuery@@QBEIPBM0PBVdtQueryFilter@@PAVdtPolyQuery@@@Z 10010770 f   DetourNavMeshQuery.obj
 0001:0000fa40       ?findLocalNeighbourhood@dtNavMeshQuery@@QBEI_KPBMMPBVdtQueryFilter@@PA_K3PAHH@Z 10010a40 f   DetourNavMeshQuery.obj
 0001:00010440       ?moveAlongSurface@dtNavMeshQuery@@QBEI_KPBM1PBVdtQueryFilter@@PAMPA_KPAHH@Z 10011440 f   DetourNavMeshQuery.obj
 0001:00010fe0       ?raycast@dtNavMeshQuery@@QBEI_KPBM1PBVdtQueryFilter@@PAM3PA_KPAHH@Z 10011fe0 f   DetourNavMeshQuery.obj
 0001:000110c0       ?raycast@dtNavMeshQuery@@QBEI_KPBM1PBVdtQueryFilter@@IPAUdtRaycastHit@@0@Z 100120c0 f   DetourNavMeshQuery.obj
 0001:00012000       ?findDistanceToWall@dtNavMeshQuery@@QBEI_KPBMMPBVdtQueryFilter@@PAM33@Z 10013000 f   DetourNavMeshQuery.obj
 0001:00012bf0       ?getPolyWallSegments@dtNavMeshQuery@@QBEI_KPBVdtQueryFilter@@PAMPA_KPAHH@Z 10013bf0 f   DetourNavMeshQuery.obj
 0001:00013430       ?findRandomPoint@dtNavMeshQuery@@QBEIPBVdtQueryFilter@@P6AMXZPA_KPAM@Z 10014430 f   DetourNavMeshQuery.obj
 0001:00013900       ?findRandomPointAroundCircle@dtNavMeshQuery@@QBEI_KPBMMPBVdtQueryFilter@@P6AMXZPA_KPAM@Z 10014900 f   DetourNavMeshQuery.obj
 0001:000144a0       ?closestPointOnPoly@dtNavMeshQuery@@QBEI_KPBMPAMPA_N@Z 100154a0 f   DetourNavMeshQuery.obj
 0001:00014590       ?closestPointOnPolyBoundary@dtNavMeshQuery@@QBEI_KPBMPAM@Z 10015590 f   DetourNavMeshQuery.obj
 0001:000148c0       ?getPolyHeight@dtNavMeshQuery@@QBEI_KPBMPAM@Z 100158c0 f   DetourNavMeshQuery.obj
 0001:00014af0       ?isValidPolyRef@dtNavMeshQuery@@QBE_N_KPBVdtQueryFilter@@@Z 10015af0 f   DetourNavMeshQuery.obj
 0001:00014bf0       ?isInClosedList@dtNavMeshQuery@@QBE_N_K@Z 10015bf0 f   DetourNavMeshQuery.obj
 0001:00014cd0       ?queryPolygonsInTile@dtNavMeshQuery@@ABEXPBUdtMeshTile@@PBM1PBVdtQueryFilter@@PAVdtPolyQuery@@@Z 10015cd0 f   DetourNavMeshQuery.obj
 0001:000156e0       ?getPortalPoints@dtNavMeshQuery@@ABEI_K0PAM1AAE2@Z 100166e0 f   DetourNavMeshQuery.obj
 0001:000158b0       ?getPortalPoints@dtNavMeshQuery@@ABEI_KPBUdtPoly@@PBUdtMeshTile@@012PAM3@Z 100168b0 f   DetourNavMeshQuery.obj
 0001:00015c60       ?getEdgeMidPoint@dtNavMeshQuery@@ABEI_K0PAM@Z 10016c60 f   DetourNavMeshQuery.obj
 0001:00015df0       ?getEdgeMidPoint@dtNavMeshQuery@@ABEI_KPBUdtPoly@@PBUdtMeshTile@@012PAM@Z 10016df0 f   DetourNavMeshQuery.obj
 0001:00015f60       ?appendVertex@dtNavMeshQuery@@ABEIPBME_KPAMPAEPA_KPAHH@Z 10016f60 f   DetourNavMeshQuery.obj
 0001:00016070       ?appendPortals@dtNavMeshQuery@@ABEIHHPBMPB_KPAMPAEPA_KPAHHH@Z 10017070 f   DetourNavMeshQuery.obj
 0001:00016390       ?getPathToNode@dtNavMeshQuery@@ABEIPAUdtNode@@PA_KPAHH@Z 10017390 f   DetourNavMeshQuery.obj
 0001:00016580       ?dtAllocNavMeshQuery@@YAPAVdtNavMeshQuery@@XZ 10017580 f   DetourNavMeshQuery.obj
 0001:000165e0       ?dtFreeNavMeshQuery@@YAXPAVdtNavMeshQuery@@@Z 100175e0 f   DetourNavMeshQuery.obj
 0001:00016620       ??1dtFindNearestPolyQuery@@UAE@XZ 10017620 f   DetourNavMeshQuery.obj
 0001:00016660       ??1dtCollectPolysQuery@@UAE@XZ 10017660 f   DetourNavMeshQuery.obj
 0001:00016790       ??$dtIgnoreUnused@PAPAUdtPoly@@@@YAXABQAPAUdtPoly@@@Z 10017790 f i DetourNavMeshQuery.obj
 0001:00016790       ??$dtIgnoreUnused@PBUdtMeshTile@@@@YAXABQBUdtMeshTile@@@Z 10017790 f i DetourNavMeshQuery.obj
 0001:000167b0       ??$dtMin@H@@YAHHH@Z        100177b0 f i DetourNavMeshQuery.obj
 0001:000167f0       ??$isfinite@M@@YA_NM@Z     100177f0 f i DetourNavMeshQuery.obj
 0001:00016840       ??0dtCollectPolysQuery@@QAE@PA_KH@Z 10017840 f i DetourNavMeshQuery.obj
 0001:000168a0       ??0dtFindNearestPolyQuery@@QAE@PBVdtNavMeshQuery@@PBM@Z 100178a0 f i DetourNavMeshQuery.obj
 0001:00016930       ??0dtPolyQuery@@QAE@XZ     10017930 f i DetourNavMeshQuery.obj
 0001:00016950       ??_EdtCollectPolysQuery@@UAEPAXI@Z 10017950 f i DetourNavMeshQuery.obj
 0001:00016950       ??_GdtCollectPolysQuery@@UAEPAXI@Z 10017950 f i DetourNavMeshQuery.obj
 0001:00016990       ??_EdtFindNearestPolyQuery@@UAEPAXI@Z 10017990 f i DetourNavMeshQuery.obj
 0001:00016990       ??_GdtFindNearestPolyQuery@@UAEPAXI@Z 10017990 f i DetourNavMeshQuery.obj
 0001:000169d0       ??_GdtNavMeshQuery@@QAEPAXI@Z 100179d0 f i DetourNavMeshQuery.obj
 0001:00016a10       ??_GdtNodePool@@QAEPAXI@Z  10017a10 f i DetourNavMeshQuery.obj
 0001:00016a50       ??_GdtNodeQueue@@QAEPAXI@Z 10017a50 f i DetourNavMeshQuery.obj
 0001:00016a90       ??_EdtPolyQuery@@UAEPAXI@Z 10017a90 f i DetourNavMeshQuery.obj
 0001:00016a90       ??_GdtPolyQuery@@UAEPAXI@Z 10017a90 f i DetourNavMeshQuery.obj
 0001:00016ad0       ?__autoclassinit2@?$_List_const_iterator@V?$_List_val@U?$_List_simple_types@U?$pair@$$CBIVOffMeshConnectionSet@MMAP@@@std@@@std@@@std@@@std@@QAEXI@Z 10017ad0 f i OffMeshManager.obj
 0001:00016ad0       ?__autoclassinit2@?$_List_iterator@V?$_List_val@U?$_List_simple_types@U?$pair@$$CBIPAUMMapData@MMAP@@@std@@@std@@@std@@@std@@QAEXI@Z 10017ad0 f i MoveMap.obj
 0001:00016ad0       ?__autoclassinit2@?$_List_iterator@V?$_List_val@U?$_List_simple_types@U?$pair@$$CBIPAVdtNavMeshQuery@@@std@@@std@@@std@@@std@@QAEXI@Z 10017ad0 f i MoveMap.obj
 0001:00016ad0       ?__autoclassinit2@?$_List_unchecked_const_iterator@V?$_List_val@U?$_List_simple_types@U?$pair@$$CBIPAUMMapData@MMAP@@@std@@@std@@@std@@U_Iterator_base0@2@@std@@QAEXI@Z 10017ad0 f i MoveMap.obj
 0001:00016ad0       ?__autoclassinit2@?$_List_unchecked_const_iterator@V?$_List_val@U?$_List_simple_types@U?$pair@$$CBIPAVdtNavMeshQuery@@@std@@@std@@@std@@U_Iterator_base0@2@@std@@QAEXI@Z 10017ad0 f i MoveMap.obj
 0001:00016ad0       ?__autoclassinit2@?$_List_unchecked_const_iterator@V?$_List_val@U?$_List_simple_types@U?$pair@$$CBIVOffMeshConnectionSet@MMAP@@@std@@@std@@@std@@U_Iterator_base0@2@@std@@QAEXI@Z 10017ad0 f i OffMeshManager.obj
 0001:00016ad0       ?__autoclassinit2@?$_List_unchecked_const_iterator@V?$_List_val@U?$_List_simple_types@U?$pair@$$CBI_K@std@@@std@@@std@@U_Iterator_base0@2@@std@@QAEXI@Z 10017ad0 f i MoveMap.obj
 0001:00016ad0       ?__autoclassinit2@?$_List_unchecked_iterator@V?$_List_val@U?$_List_simple_types@U?$pair@$$CBIPAUMMapData@MMAP@@@std@@@std@@@std@@@std@@QAEXI@Z 10017ad0 f i MoveMap.obj
 0001:00016ad0       ?__autoclassinit2@?$_List_unchecked_iterator@V?$_List_val@U?$_List_simple_types@U?$pair@$$CBIPAVdtNavMeshQuery@@@std@@@std@@@std@@@std@@QAEXI@Z 10017ad0 f i MoveMap.obj
 0001:00016ad0       ?__autoclassinit2@?$_List_unchecked_iterator@V?$_List_val@U?$_List_simple_types@U?$pair@$$CBIVOffMeshConnectionSet@MMAP@@@std@@@std@@@std@@@std@@QAEXI@Z 10017ad0 f i OffMeshManager.obj
 0001:00016ad0       ?__autoclassinit2@?$_List_unchecked_iterator@V?$_List_val@U?$_List_simple_types@U?$pair@$$CBI_K@std@@@std@@@std@@@std@@QAEXI@Z 10017ad0 f i MoveMap.obj
 0001:00016ad0       ?__autoclassinit2@?$_Tree_iterator@V?$_Tree_val@U?$_Tree_simple_types@U?$pair@$$CBHPAVdtPathCorridor@@@std@@@std@@@std@@@std@@QAEXI@Z 10017ad0 f i NavBridge.obj
 0001:00016ad0       ?__autoclassinit2@?$_Tree_iterator@V?$_Tree_val@U?$_Tree_simple_types@U?$pair@$$CBUTileKey@Navigation@@_K@std@@@std@@@std@@@std@@QAEXI@Z 10017ad0 f i Navigation.obj
 0001:00016ad0       ?__autoclassinit2@?$_Tree_unchecked_const_iterator@V?$_Tree_val@U?$_Tree_simple_types@U?$pair@$$CBHPAVdtPathCorridor@@@std@@@std@@@std@@U_Iterator_base0@2@@std@@QAEXI@Z 10017ad0 f i NavBridge.obj
 0001:00016ad0       ?__autoclassinit2@?$_Tree_unchecked_const_iterator@V?$_Tree_val@U?$_Tree_simple_types@U?$pair@$$CBUTileKey@Navigation@@_K@std@@@std@@@std@@U_Iterator_base0@2@@std@@QAEXI@Z 10017ad0 f i Navigation.obj
 0001:00016ad0       ?__autoclassinit2@?$_Uninitialized_backout_al@V?$allocator@E@std@@@std@@QAEXI@Z 10017ad0 f i PathFinder.obj
 0001:00016ad0       ?__autoclassinit2@?$_Uninitialized_backout_al@V?$allocator@M@std@@@std@@QAEXI@Z 10017ad0 f i Navigation.obj
 0001:00016ad0       ?__autoclassinit2@?$_Uninitialized_backout_al@V?$allocator@UOffMeshConnectionInfo@MMAP@@@std@@@std@@QAEXI@Z 10017ad0 f i OffMeshManager.obj
 0001:00016ad0       ?__autoclassinit2@?$_Uninitialized_backout_al@V?$allocator@UXYZ@@@std@@@std@@QAEXI@Z 10017ad0 f i DllMain.obj
 0001:00016ad0       ?__autoclassinit2@?$_Uninitialized_backout_al@V?$allocator@VVector3@G3D@@@std@@@std@@QAEXI@Z 10017ad0 f i Navigation.obj
 0001:00016ad0       ?__autoclassinit2@?$_Uninitialized_backout_al@V?$allocator@W4StraightPathFlags@@@std@@@std@@QAEXI@Z 10017ad0 f i PathFinder.obj
 0001:00016ad0       ?__autoclassinit2@?$_Uninitialized_backout_al@V?$allocator@_K@std@@@std@@QAEXI@Z 10017ad0 f i DllMain.obj
 0001:00016ad0       ?__autoclassinit2@?$_Vector_iterator@V?$_Vector_val@U?$_Simple_types@VVector3@G3D@@@std@@@std@@@std@@QAEXI@Z 10017ad0 f i PathFinder.obj
 0001:00016ad0       ?__autoclassinit2@?$_Vector_iterator@V?$_Vector_val@U?$_Simple_types@_K@std@@@std@@@std@@QAEXI@Z 10017ad0 f i PathFinder.obj
 0001:00016ad0       ?__autoclassinit2@?$basic_ifstream@DU?$char_traits@D@std@@@std@@QAEXI@Z 10017ad0 f i OffMeshManager.obj
 0001:00016ad0       ?__autoclassinit2@?$basic_ofstream@DU?$char_traits@D@std@@@std@@QAEXI@Z 10017ad0 f i PathFinder.obj
 0001:00016ad0       ?__autoclassinit2@?$basic_ostringstream@DU?$char_traits@D@std@@V?$allocator@D@2@@std@@QAEXI@Z 10017ad0 f i MoveMap.obj
 0001:00016ad0       ?__autoclassinit2@?$basic_string_view@DU?$char_traits@D@std@@@std@@QAEXI@Z 10017ad0 f i Navigation.obj
 0001:00016ad0       ?__autoclassinit2@?$basic_string_view@_WU?$char_traits@_W@std@@@std@@QAEXI@Z 10017ad0 f i Navigation.obj
 0001:00016ad0       ?__autoclassinit2@?$map@HPAVdtPathCorridor@@U?$less@H@std@@V?$allocator@U?$pair@$$CBHPAVdtPathCorridor@@@std@@@3@@std@@QAEXI@Z 10017ad0 f i NavBridge.obj
 0001:00016ad0       ?__autoclassinit2@?$shared_ptr@U_Dir_enum_impl@filesystem@std@@@std@@QAEXI@Z 10017ad0 f i Navigation.obj
 0001:00016ad0       ?__autoclassinit2@?$unique_ptr@V_Facet_base@std@@U?$default_delete@V_Facet_base@std@@@2@@std@@QAEXI@Z 10017ad0 f i OffMeshManager.obj
 0001:00016ad0       ?__autoclassinit2@?$vector@EV?$allocator@E@std@@@std@@QAEXI@Z 10017ad0 f i PathFinder.obj
 0001:00016ad0       ?__autoclassinit2@?$vector@MV?$allocator@M@std@@@std@@QAEXI@Z 10017ad0 f i Navigation.obj
 0001:00016ad0       ?__autoclassinit2@?$vector@UXYZ@@V?$allocator@UXYZ@@@std@@@std@@QAEXI@Z 10017ad0 f i DllMain.obj
 0001:00016ad0       ?__autoclassinit2@?$vector@VVector3@G3D@@V?$allocator@VVector3@G3D@@@std@@@std@@QAEXI@Z 10017ad0 f i Navigation.obj
 0001:00016ad0       ?__autoclassinit2@?$vector@_KV?$allocator@_K@std@@@std@@QAEXI@Z 10017ad0 f i DllMain.obj
 0001:00016ad0       ?__autoclassinit2@MMapManager@MMAP@@QAEXI@Z 10017ad0 f i MoveMap.obj
 0001:00016ad0       ?__autoclassinit2@Navigation@@QAEXI@Z 10017ad0 f i Navigation.obj
 0001:00016ad0       ?__autoclassinit2@OffMeshManager@MMAP@@QAEXI@Z 10017ad0 f i OffMeshManager.obj
 0001:00016ad0       ?__autoclassinit2@PathFinder@@QAEXI@Z 10017ad0 f i Navigation.obj
 0001:00016ad0       ?__autoclassinit2@directory_iterator@filesystem@std@@QAEXI@Z 10017ad0 f i Navigation.obj
 0001:00016ad0       ?__autoclassinit2@dtCollectPolysQuery@@QAEXI@Z 10017ad0 f i DetourNavMeshQuery.obj
 0001:00016ad0       ?__autoclassinit2@dtFindNearestPolyQuery@@QAEXI@Z 10017ad0 f i DetourNavMeshQuery.obj
 0001:00016ad0       ?__autoclassinit2@dtPathCorridor@@QAEXI@Z 10017ad0 f i NavBridge.obj
 0001:00016ad0       ?__autoclassinit2@error_code@std@@QAEXI@Z 10017ad0 f i Navigation.obj
 0001:00016b00       ?clear@dtNodeQueue@@QAEXXZ 10017b00 f i DetourNavMeshQuery.obj
 0001:00016b30       ?dtMathIsfinite@@YA_NM@Z   10017b30 f i DetourNavMeshQuery.obj
 0001:00016b60       ?dtStatusInProgress@@YA_NI@Z 10017b60 f i DetourNavMeshQuery.obj
 0001:00016bb0       ?dtVdist@@YAMPBM0@Z        10017bb0 f i DetourNavMeshQuery.obj
 0001:00016c90       ?dtVdistSqr@@YAMPBM0@Z     10017c90 f i DetourNavMeshQuery.obj
 0001:00016d60       ?dtVequal@@YA_NPBM0@Z      10017d60 f i DetourNavMeshQuery.obj
 0001:00016e60       ?dtVisfinite2D@@YA_NPBM@Z  10017e60 f i DetourNavMeshQuery.obj
 0001:00016ef0       ?dtVisfinite@@YA_NPBM@Z    10017ef0 f i DetourNavMeshQuery.obj
 0001:00016fb0       ?dtVmad@@YAXPAMPBM1M@Z     10017fb0 f i DetourNavMeshQuery.obj
 0001:00017070       ?dtVnormalize@@YAXPAM@Z    10018070 f i DetourNavMeshQuery.obj
 0001:000171c0       ?dtVscale@@YAXPAMPBMM@Z    100181c0 f i DetourNavMeshQuery.obj
 0001:00017250       ?dtVset@@YAXPAMMMM@Z       10018250 f i DetourNavMeshQuery.obj
 0001:000172b0       ?empty@dtNodeQueue@@QBE_NXZ 100182b0 f i DetourNavMeshQuery.obj
 0001:00017300       ?fpclassify@@YAHM@Z        10018300 f i DetourNavMeshQuery.obj
 0001:00017330       ?getCapacity@dtNodeQueue@@QBEHXZ 10018330 f i DetourNavMeshQuery.obj
 0001:00017360       ?getCost@dtQueryFilter@@QBEMPBM0_KPBUdtMeshTile@@PBUdtPoly@@123123@Z 10018360 f i DetourNavMeshQuery.obj
 0001:000174c0       ?getMaxNodes@dtNodePool@@QBEHXZ 100184c0 f i DetourNavMeshQuery.obj
 0001:000174f0       ?getNodeAtIdx@dtNodePool@@QAEPAUdtNode@@I@Z 100184f0 f i DetourNavMeshQuery.obj
 0001:00017540       ?getNodeIdx@dtNodePool@@QBEIPBUdtNode@@@Z 10018540 f i DetourNavMeshQuery.obj
 0001:00017590       ?isOverPoly@dtFindNearestPolyQuery@@QBE_NXZ 10018590 f i DetourNavMeshQuery.obj
 0001:000175c0       ?modify@dtNodeQueue@@QAEXPAUdtNode@@@Z 100185c0 f i DetourNavMeshQuery.obj
 0001:00017640       ?nearestPoint@dtFindNearestPolyQuery@@QBEPBMXZ 10018640 f i DetourNavMeshQuery.obj
 0001:00017670       ?nearestRef@dtFindNearestPolyQuery@@QBE_KXZ 10018670 f i DetourNavMeshQuery.obj
 0001:000176a0       ?numCollected@dtCollectPolysQuery@@QBEHXZ 100186a0 f i DetourNavMeshQuery.obj
 0001:000176d0       ?overflowed@dtCollectPolysQuery@@QBE_NXZ 100186d0 f i DetourNavMeshQuery.obj
 0001:00017700       ?passFilter@dtQueryFilter@@QBE_N_KPBUdtMeshTile@@PBUdtPoly@@@Z 10018700 f i DetourNavMeshQuery.obj
 0001:00017770       ?pop@dtNodeQueue@@QAEPAUdtNode@@XZ 10018770 f i DetourNavMeshQuery.obj
 0001:000177e0       ?process@dtCollectPolysQuery@@UAEXPBUdtMeshTile@@PAPAUdtPoly@@PA_KH@Z 100187e0 f i DetourNavMeshQuery.obj
 0001:00017890       ?process@dtFindNearestPolyQuery@@UAEXPBUdtMeshTile@@PAPAUdtPoly@@PA_KH@Z 10018890 f i DetourNavMeshQuery.obj
 0001:00017a80       ?push@dtNodeQueue@@QAEXPAUdtNode@@@Z 10018a80 f i DetourNavMeshQuery.obj
 0001:00017ad0       ??0dtNodePool@@QAE@HH@Z    10018ad0 f   DetourNode.obj
 0001:00017d20       ??1dtNodePool@@QAE@XZ      10018d20 f   DetourNode.obj
 0001:00017db0       ?clear@dtNodePool@@QAEXXZ  10018db0 f   DetourNode.obj
 0001:00017e00       ?getNode@dtNodePool@@QAEPAUdtNode@@_KE@Z 10018e00 f   DetourNode.obj
 0001:00017fe0       ?findNode@dtNodePool@@QAEPAUdtNode@@_KE@Z 10018fe0 f   DetourNode.obj
 0001:000180e0       ?findNodes@dtNodePool@@QAEI_KPAPAUdtNode@@H@Z 100190e0 f   DetourNode.obj
 0001:000181e0       ??0dtNodeQueue@@QAE@H@Z    100191e0 f   DetourNode.obj
 0001:000182d0       ??1dtNodeQueue@@QAE@XZ     100192d0 f   DetourNode.obj
 0001:00018340       ?bubbleUp@dtNodeQueue@@AAEXHPAUdtNode@@@Z 10019340 f   DetourNode.obj
 0001:000183e0       ?trickleDown@dtNodeQueue@@AAEXHPAUdtNode@@@Z 100193e0 f   DetourNode.obj
 0001:000184a0       ?dtHashRef@@YAI_K@Z        100194a0 f i DetourNode.obj
 0001:000185a0       _CalculatePath             100195a0 f   DllMain.obj
 0001:00018610       _FreePathArr               10019610 f   DllMain.obj
 0001:00018650       _FindNearestPoly           10019650 f   DllMain.obj
 0001:000186b0       _FindPolysAroundCircle     100196b0 f   DllMain.obj
 0001:00018710       _FindDistanceToWall        10019710 f   DllMain.obj
 0001:00018770       _IsPointOnNavMesh          10019770 f   DllMain.obj
 0001:000187d0       _FindRandomPointAroundCircle 100197d0 f   DllMain.obj
 0001:00018860       _HasLineOfSight            10019860 f   DllMain.obj
 0001:000188d0       _FindNearestPolyRef        100198d0 f   DllMain.obj
 0001:000189d0       _GetPolyHeight             100199d0 f   DllMain.obj
 0001:00018a50       _ClosestPointOnPoly        10019a50 f   DllMain.obj
 0001:00018ad0       _ClosestPointOnPolyBoundary 10019ad0 f   DllMain.obj
 0001:00018b50       _QueryPolygons             10019b50 f   DllMain.obj
 0001:00018cd0       _FindLocalNeighbourhood    10019cd0 f   DllMain.obj
 0001:00018f00       _GetPolyWallSegments       10019f00 f   DllMain.obj
 0001:000190d0       _InitSlicedFindPath        1001a0d0 f   DllMain.obj
 0001:00019140       _UpdateSlicedFindPath      1001a140 f   DllMain.obj
 0001:00019180       _UpdateSlicedFindPathMs    1001a180 f   DllMain.obj
 0001:000191c0       _FinalizeSlicedFindPath    1001a1c0 f   DllMain.obj
 0001:00019200       _SetIncludeFlags           1001a200 f   DllMain.obj
 0001:00019240       _SetExcludeFlags           1001a240 f   DllMain.obj
 0001:00019280       _SetAreaCost               1001a280 f   DllMain.obj
 0001:000192d0       _GetAreaCost               1001a2d0 f   DllMain.obj
 0001:00019310       _IsTileLoaded              1001a310 f   DllMain.obj
 0001:00019350       _GetLoadedTilesCount       1001a350 f   DllMain.obj
 0001:00019390       _UpdatePathFollowing       1001a390 f   DllMain.obj
 0001:000193f0       _GetNavStats               1001a3f0 f   DllMain.obj
 0001:00019450       _ResetNavStats             1001a450 f   DllMain.obj
 0001:00019480       _SetPathRandomization      1001a480 f   DllMain.obj
 0001:000194e0       _SetTileStreamingEnabled   1001a4e0 f   DllMain.obj
 0001:00019520       _NavStatus_FailureFlag     1001a520 f   DllMain.obj
 0001:00019540       _NavStatus_SuccessFlag     1001a540 f   DllMain.obj
 0001:00019560       _NavStatus_InProgressFlag  1001a560 f   DllMain.obj
 0001:00019580       _NavStatus_WrongMagicFlag  1001a580 f   DllMain.obj
 0001:000195a0       _NavStatus_WrongVersionFlag 1001a5a0 f   DllMain.obj
 0001:000195c0       _NavStatus_OutOfMemoryFlag 1001a5c0 f   DllMain.obj
 0001:000195e0       _NavStatus_InvalidParamFlag 1001a5e0 f   DllMain.obj
 0001:00019600       _NavStatus_BufferTooSmallFlag 1001a600 f   DllMain.obj
 0001:00019620       _NavStatus_OutOfNodesFlag  1001a620 f   DllMain.obj
 0001:00019640       _NavStatus_PartialResultFlag 1001a640 f   DllMain.obj
 0001:00019660       _NavStatus_IsFailure       1001a660 f   DllMain.obj
 0001:00019690       _NavStatus_IsSuccess       1001a690 f   DllMain.obj
 0001:000196c0       _NavStatus_IsInProgress    1001a6c0 f   DllMain.obj
 0001:000196f0       _NavStatus_HasFlag         1001a6f0 f   DllMain.obj
 0001:00019720       _NavStatus_AddFlag         1001a720 f   DllMain.obj
 0001:00019750       _DllMain@12                1001a750 f   DllMain.obj
 0001:000197c0       ??$?0ABV?$allocator@UXYZ@@@std@@$$V@?$_Compressed_pair@V?$allocator@UXYZ@@@std@@V?$_Vector_val@U?$_Simple_types@UXYZ@@@std@@@2@$00@std@@QAE@U_One_then_variadic_args_t@1@ABV?$allocator@UXYZ@@@1@@Z 1001a7c0 f i DllMain.obj
 0001:000197c0       ??$?0ABV?$allocator@_K@std@@$$V@?$_Compressed_pair@V?$allocator@_K@std@@V?$_Vector_val@U?$_Simple_types@_K@std@@@2@$00@std@@QAE@U_One_then_variadic_args_t@1@ABV?$allocator@_K@1@@Z 1001a7c0 f i DllMain.obj
 0001:00019800       ??$?0UXYZ@@@?$allocator@U_Container_proxy@std@@@std@@QAE@ABV?$allocator@UXYZ@@@1@@Z 1001a800 f i DllMain.obj
 0001:00019800       ??$?0_K@?$allocator@U_Container_proxy@std@@@std@@QAE@ABV?$allocator@_K@1@@Z 1001a800 f i DllMain.obj
 0001:00019830       ??$?0V?$allocator@_K@std@@$0A@@?$vector@_KV?$allocator@_K@std@@@std@@QAE@IAB_KABV?$allocator@_K@1@@Z 1001a830 f i DllMain.obj
 0001:000198a0       ??$_Allocate@$07U_Default_allocate_traits@std@@@std@@YAPAXI@Z 1001a8a0 f i DllMain.obj
 0001:00019900       ??$_Allocate_at_least_helper@V?$allocator@UXYZ@@@std@@@std@@YAPAUXYZ@@AAV?$allocator@UXYZ@@@0@AAI@Z 1001a900 f i DllMain.obj
 0001:00019930       ??$_Allocate_at_least_helper@V?$allocator@_K@std@@@std@@YAPA_KAAV?$allocator@_K@0@AAI@Z 1001a930 f i DllMain.obj
 0001:00019960       ??$_Allocate_manually_vector_aligned@U_Default_allocate_traits@std@@@std@@YAPAXI@Z 1001a960 f i DllMain.obj
 0001:00019a40       ??$_Construct_in_place@U_Container_proxy@std@@PAU_Container_base12@2@@std@@YAXAAU_Container_proxy@0@$$QAPAU_Container_base12@0@@Z 1001aa40 f i DllMain.obj
 0001:00019ac0       ??$_Construct_n@$$V@?$vector@UXYZ@@V?$allocator@UXYZ@@@std@@@std@@AAEXI@Z 1001aac0 f i DllMain.obj
 0001:00019bf0       ??$_Construct_n@AB_K@?$vector@_KV?$allocator@_K@std@@@std@@AAEXIAB_K@Z 1001abf0 f i DllMain.obj
 0001:00019d20       ??$_Deallocate@$07@std@@YAXPAXI@Z 1001ad20 f i DllMain.obj
 0001:00019d80       ??$_Deallocate_plain@V?$allocator@U_Container_proxy@std@@@std@@@std@@YAXAAV?$allocator@U_Container_proxy@std@@@0@QAU_Container_proxy@0@@Z 1001ad80 f i DllMain.obj
 0001:00019db0       ??$_Delete_plain_internal@V?$allocator@U_Container_proxy@std@@@std@@@std@@YAXAAV?$allocator@U_Container_proxy@std@@@0@QAU_Container_proxy@0@@Z 1001adb0 f i DllMain.obj
 0001:00019de0       ??$_Destroy_range@V?$allocator@UXYZ@@@std@@@std@@YAXPAUXYZ@@QAU1@AAV?$allocator@UXYZ@@@0@@Z 1001ade0 f i DllMain.obj
 0001:00019de0       ??$_Destroy_range@V?$allocator@_K@std@@@std@@YAXPA_KQA_KAAV?$allocator@_K@0@@Z 1001ade0 f i DllMain.obj
 0001:00019e00       ??$_Emplace_back@$$V@?$_Uninitialized_backout_al@V?$allocator@UXYZ@@@std@@@std@@QAEXXZ 1001ae00 f i DllMain.obj
 0001:00019e70       ??$_Emplace_back@AB_K@?$_Uninitialized_backout_al@V?$allocator@_K@std@@@std@@QAEXAB_K@Z 1001ae70 f i DllMain.obj
 0001:00019ef0       ??$_Fill_zero_memset@PA_K@std@@YAXPA_KI@Z 1001aef0 f i DllMain.obj
 0001:00019f30       ??$_Get_size_of_n@$07@std@@YAII@Z 1001af30 f i DllMain.obj
 0001:00019f80       ??$_Get_size_of_n@$0M@@std@@YAII@Z 1001af80 f i DllMain.obj
 0001:00019fd0       ??$_Is_all_bits_zero@_K@std@@YA_NAB_K@Z 1001afd0 f i DllMain.obj
 0001:0001a080       ??$_Max_limit@H@std@@YAHXZ 1001b080 f i DllMain.obj
 0001:0001a0b0       ??$_To_address@PA_K@std@@YA?A_PABQA_K@Z 1001b0b0 f i DllMain.obj
 0001:0001a0e0       ??$_Unfancy@UXYZ@@@std@@YAPAUXYZ@@PAU1@@Z 1001b0e0 f i DllMain.obj
 0001:0001a0e0       ??$_Unfancy@U_Container_proxy@std@@@std@@YAPAU_Container_proxy@0@PAU10@@Z 1001b0e0 f i DllMain.obj
 0001:0001a0e0       ??$_Unfancy@_K@std@@YAPA_KPA_K@Z 1001b0e0 f i DllMain.obj
 0001:0001a0e0       ??$_Unfancy_maybe_null@UXYZ@@@std@@YAPAUXYZ@@PAU1@@Z 1001b0e0 f i DllMain.obj
 0001:0001a0e0       ??$_Unfancy_maybe_null@_K@std@@YAPA_KPA_K@Z 1001b0e0 f i DllMain.obj
 0001:0001a100       ??$_Uninitialized_fill_n@V?$allocator@_K@std@@@std@@YAPA_KPA_KIAB_KAAV?$allocator@_K@0@@Z 1001b100 f i DllMain.obj
 0001:0001a220       ??$_Uninitialized_value_construct_n@V?$allocator@UXYZ@@@std@@@std@@YAPAUXYZ@@PAU1@IAAV?$allocator@UXYZ@@@0@@Z 1001b220 f i DllMain.obj
 0001:0001a2f0       ??$addressof@U_Container_base12@std@@@std@@YAPAU_Container_base12@0@AAU10@@Z 1001b2f0 f i DllMain.obj
 0001:0001a2f0       ??$addressof@U_Container_proxy@std@@@std@@YAPAU_Container_proxy@0@AAU10@@Z 1001b2f0 f i DllMain.obj
 0001:0001a310       ??$construct@UXYZ@@$$V@?$_Default_allocator_traits@V?$allocator@UXYZ@@@std@@@std@@SAXAAV?$allocator@UXYZ@@@1@QAUXYZ@@@Z 1001b310 f i DllMain.obj
 0001:0001a340       ??$construct@_KAB_K@?$_Default_allocator_traits@V?$allocator@_K@std@@@std@@SAXAAV?$allocator@_K@1@QA_KAB_K@Z 1001b340 f i DllMain.obj
 0001:0001a370       ??$construct_at@UXYZ@@$$V@std@@YAPAUXYZ@@QAU1@@Z 1001b370 f i DllMain.obj
 0001:0001a3b0       ??$construct_at@U_Container_proxy@std@@PAU_Container_base12@2@@std@@YAPAU_Container_proxy@0@QAU10@$$QAPAU_Container_base12@0@@Z 1001b3b0 f i DllMain.obj
 0001:0001a400       ??$construct_at@_KAB_K@std@@YAPA_KQA_KAB_K@Z 1001b400 f i DllMain.obj
 0001:0001a450       ??$exchange@PAU_Container_proxy@std@@$$T@std@@YAPAU_Container_proxy@0@AAPAU10@$$QA$$T@Z 1001b450 f i DllMain.obj
 0001:0001a450       ??$exchange@PAU_Iterator_base12@std@@$$T@std@@YAPAU_Iterator_base12@0@AAPAU10@$$QA$$T@Z 1001b450 f i DllMain.obj
 0001:0001a490       ??$min@I@std@@YAABIABI0@Z  1001b490 f i DllMain.obj
 0001:0001a4e0       ??$to_address@_K@std@@YAPA_KQA_K@Z 1001b4e0 f i DllMain.obj
 0001:0001a500       ??0?$_Container_proxy_ptr12@V?$allocator@U_Container_proxy@std@@@std@@@std@@QAE@AAV?$allocator@U_Container_proxy@std@@@1@AAU_Container_base12@1@@Z 1001b500 f i DllMain.obj
 0001:0001a590       ??0?$_Uninitialized_backout_al@V?$allocator@UXYZ@@@std@@@std@@QAE@PAUXYZ@@AAV?$allocator@UXYZ@@@1@@Z 1001b590 f i DllMain.obj
 0001:0001a590       ??0?$_Uninitialized_backout_al@V?$allocator@_K@std@@@std@@QAE@PA_KAAV?$allocator@_K@1@@Z 1001b590 f i DllMain.obj
 0001:0001a5e0       ??0?$_Vector_val@U?$_Simple_types@UXYZ@@@std@@@std@@QAE@XZ 1001b5e0 f i DllMain.obj
 0001:0001a5e0       ??0?$_Vector_val@U?$_Simple_types@_K@std@@@std@@QAE@XZ 1001b5e0 f i DllMain.obj
 0001:0001a630       ??0?$allocator@UXYZ@@@std@@QAE@XZ 1001b630 f i DllMain.obj
 0001:0001a630       ??0?$allocator@_K@std@@QAE@XZ 1001b630 f i DllMain.obj
 0001:0001a660       ??0?$vector@UXYZ@@V?$allocator@UXYZ@@@std@@@std@@QAE@IABV?$allocator@UXYZ@@@1@@Z 1001b660 f i DllMain.obj
 0001:0001a6d0       ??0NavStats@@QAE@XZ        1001b6d0 f i DllMain.obj
 0001:0001a770       ??0XYZ@@QAE@XZ             1001b770 f i DllMain.obj
 0001:0001a7c0       ??0_Basic_container_proxy_ptr12@std@@IAE@XZ 1001b7c0 f i DllMain.obj
 0001:0001a7c0       ??0_Container_base12@std@@QAE@XZ 1001b7c0 f i DllMain.obj
 0001:0001a800       ??0_Container_proxy@std@@QAE@PAU_Container_base12@1@@Z 1001b800 f i DllMain.obj
 0001:0001a840       ??0bad_alloc@std@@AAE@QBD@Z 1001b840 f i DllMain.obj
 0001:0001a890       ??0bad_alloc@std@@QAE@ABV01@@Z 1001b890 f i DllMain.obj
 0001:0001a8d0       ??0bad_array_new_length@std@@QAE@ABV01@@Z 1001b8d0 f i DllMain.obj
 0001:0001a910       ??0bad_array_new_length@std@@QAE@XZ 1001b910 f i DllMain.obj
 0001:0001a950       ??0exception@std@@QAE@ABV01@@Z 1001b950 f i DllMain.obj
 0001:0001a9b0       ??0exception@std@@QAE@QBDH@Z 1001b9b0 f i DllMain.obj
 0001:0001aa00       ??1?$_Container_proxy_ptr12@V?$allocator@U_Container_proxy@std@@@std@@@std@@QAE@XZ 1001ba00 f i DllMain.obj
 0001:0001aa50       ??1?$_Tidy_guard@V?$vector@UXYZ@@V?$allocator@UXYZ@@@std@@@std@@@std@@QAE@XZ 1001ba50 f i DllMain.obj
 0001:0001aa90       ??1?$_Tidy_guard@V?$vector@_KV?$allocator@_K@std@@@std@@@std@@QAE@XZ 1001ba90 f i DllMain.obj
 0001:0001aad0       ??1?$_Uninitialized_backout_al@V?$allocator@UXYZ@@@std@@@std@@QAE@XZ 1001bad0 f i DllMain.obj
 0001:0001aad0       ??1?$_Uninitialized_backout_al@V?$allocator@_K@std@@@std@@QAE@XZ 1001bad0 f i DllMain.obj
 0001:0001ab20       ??1?$vector@UXYZ@@V?$allocator@UXYZ@@@std@@@std@@QAE@XZ 1001bb20 f i DllMain.obj
 0001:0001abe0       ??1?$vector@_KV?$allocator@_K@std@@@std@@QAE@XZ 1001bbe0 f i DllMain.obj
 0001:0001aca0       ??1bad_alloc@std@@UAE@XZ   1001bca0 f i DllMain.obj
 0001:0001aca0       ??1bad_cast@std@@UAE@XZ    1001bca0 f i OffMeshManager.obj
 0001:0001aca0       ??1runtime_error@std@@UAE@XZ 1001bca0 f i Navigation.obj
 0001:0001acd0       ??1_System_error@std@@UAE@XZ 1001bcd0 f i Navigation.obj
 0001:0001acd0       ??1bad_array_new_length@std@@UAE@XZ 1001bcd0 f i DllMain.obj
 0001:0001ad00       ??1exception@std@@UAE@XZ   1001bd00 f i DllMain.obj
 0001:0001ad40       ??A?$vector@UXYZ@@V?$allocator@UXYZ@@@std@@@std@@QAEAAUXYZ@@I@Z 1001bd40 f i DllMain.obj
 0001:0001adf0       ??A?$vector@_KV?$allocator@_K@std@@@std@@QAEAA_KI@Z 1001bdf0 f i DllMain.obj
 0001:0001aea0       ??_Ebad_alloc@std@@UAEPAXI@Z 1001bea0 f i DllMain.obj
 0001:0001aea0       ??_Ebad_cast@std@@UAEPAXI@Z 1001bea0 f i OffMeshManager.obj
 0001:0001aea0       ??_Eruntime_error@std@@UAEPAXI@Z 1001bea0 f i Navigation.obj
 0001:0001aea0       ??_Gbad_alloc@std@@UAEPAXI@Z 1001bea0 f i DllMain.obj
 0001:0001aea0       ??_Gbad_cast@std@@UAEPAXI@Z 1001bea0 f i OffMeshManager.obj
 0001:0001aea0       ??_Gruntime_error@std@@UAEPAXI@Z 1001bea0 f i Navigation.obj
 0001:0001aee0       ??_Ebad_array_new_length@std@@UAEPAXI@Z 1001bee0 f i DllMain.obj
 0001:0001aee0       ??_Gbad_array_new_length@std@@UAEPAXI@Z 1001bee0 f i DllMain.obj
 0001:0001af20       ??_Eexception@std@@UAEPAXI@Z 1001bf20 f i DllMain.obj
 0001:0001af20       ??_Gexception@std@@UAEPAXI@Z 1001bf20 f i DllMain.obj
 0001:0001af60       ?EnableTileStreaming@Navigation@@QAEX_N@Z 1001bf60 f i DllMain.obj
 0001:0001afa0       ?GetNavStats@Navigation@@QBE?AUNavStats@@XZ 1001bfa0 f i DllMain.obj
 0001:0001aff0       ?NavStatusFailed@@YA_NI@Z  1001bff0 f i DllMain.obj
 0001:0001b040       ?NavStatusHasFlag@@YA_NIW4NavStatusFlag@@@Z 1001c040 f i DllMain.obj
 0001:0001b080       ?NavStatusInProgress@@YA_NI@Z 1001c080 f i DllMain.obj
 0001:0001b0d0       ?NavStatusSucceeded@@YA_NI@Z 1001c0d0 f i DllMain.obj
 0001:0001b120       ?ResetNavStats@Navigation@@QAEXXZ 1001c120 f i DllMain.obj
 0001:0001b180       ?StatusBits@@YAIW4StatusDetailFlag@@@Z 1001c180 f i DllMain.obj
 0001:0001b1a0       ?_Adjust_manually_vector_aligned@std@@YAXAAPAXAAI@Z 1001c1a0 f i DllMain.obj
 0001:0001b2d0       ?_Allocate@_Default_allocate_traits@std@@SAPAXI@Z 1001c2d0 f i DllMain.obj
 0001:0001b300       ?_Buy_nonzero@?$vector@UXYZ@@V?$allocator@UXYZ@@@std@@@std@@AAEXI@Z 1001c300 f i DllMain.obj
 0001:0001b350       ?_Buy_nonzero@?$vector@_KV?$allocator@_K@std@@@std@@AAEXI@Z 1001c350 f i DllMain.obj
 0001:0001b3a0       ?_Buy_raw@?$vector@UXYZ@@V?$allocator@UXYZ@@@std@@@std@@AAEXI@Z 1001c3a0 f i DllMain.obj
 0001:0001b430       ?_Buy_raw@?$vector@_KV?$allocator@_K@std@@@std@@AAEXI@Z 1001c430 f i DllMain.obj
 0001:0001b4d0       ?_Get_first@?$_Compressed_pair@V?$allocator@UXYZ@@@std@@V?$_Vector_val@U?$_Simple_types@UXYZ@@@std@@@2@$00@std@@QAEAAV?$allocator@UXYZ@@@2@XZ 1001c4d0 f i DllMain.obj
 0001:0001b4d0       ?_Get_first@?$_Compressed_pair@V?$allocator@UXYZ@@@std@@V?$_Vector_val@U?$_Simple_types@UXYZ@@@std@@@2@$00@std@@QBEABV?$allocator@UXYZ@@@2@XZ 1001c4d0 f i DllMain.obj
 0001:0001b4d0       ?_Get_first@?$_Compressed_pair@V?$allocator@_K@std@@V?$_Vector_val@U?$_Simple_types@_K@std@@@2@$00@std@@QAEAAV?$allocator@_K@2@XZ 1001c4d0 f i DllMain.obj
 0001:0001b4d0       ?_Get_first@?$_Compressed_pair@V?$allocator@_K@std@@V?$_Vector_val@U?$_Simple_types@_K@std@@@2@$00@std@@QBEABV?$allocator@_K@2@XZ 1001c4d0 f i DllMain.obj
 0001:0001b500       ?_Getal@?$vector@UXYZ@@V?$allocator@UXYZ@@@std@@@std@@AAEAAV?$allocator@UXYZ@@@2@XZ 1001c500 f i DllMain.obj
 0001:0001b500       ?_Getal@?$vector@UXYZ@@V?$allocator@UXYZ@@@std@@@std@@ABEABV?$allocator@UXYZ@@@2@XZ 1001c500 f i DllMain.obj
 0001:0001b500       ?_Getal@?$vector@_KV?$allocator@_K@std@@@std@@AAEAAV?$allocator@_K@2@XZ 1001c500 f i DllMain.obj
 0001:0001b500       ?_Getal@?$vector@_KV?$allocator@_K@std@@@std@@ABEABV?$allocator@_K@2@XZ 1001c500 f i DllMain.obj
 0001:0001b530       ?_Orphan_all@_Container_base12@std@@QAEXXZ 1001c530 f i DllMain.obj
 0001:0001b580       ?_Orphan_all_locked_v3@_Container_base12@std@@AAEXXZ 1001c580 f i DllMain.obj
 0001:0001b630       ?_Orphan_all_unlocked_v3@_Container_base12@std@@AAEXXZ 1001c630 f i DllMain.obj
 0001:0001b6b0       ?_Release@?$_Uninitialized_backout_al@V?$allocator@UXYZ@@@std@@@std@@QAEPAUXYZ@@XZ 1001c6b0 f i DllMain.obj
 0001:0001b6b0       ?_Release@?$_Uninitialized_backout_al@V?$allocator@_K@std@@@std@@QAEPA_KXZ 1001c6b0 f i DllMain.obj
 0001:0001b6f0       ?_Release@_Basic_container_proxy_ptr12@std@@QAEXXZ 1001c6f0 f i DllMain.obj
 0001:0001b720       ?_Throw_bad_array_new_length@std@@YAXXZ 1001c720 f i DllMain.obj
 0001:0001b770       ?_Tidy@?$vector@UXYZ@@V?$allocator@UXYZ@@@std@@@std@@AAEXXZ 1001c770 f i DllMain.obj
 0001:0001b840       ?_Tidy@?$vector@_KV?$allocator@_K@std@@@std@@AAEXXZ 1001c840 f i DllMain.obj
 0001:0001b910       ?_Xlength@?$vector@UXYZ@@V?$allocator@UXYZ@@@std@@@std@@CAXXZ 1001c910 f i DllMain.obj
 0001:0001b910       ?_Xlength@?$vector@_KV?$allocator@_K@std@@@std@@CAXXZ 1001c910 f i DllMain.obj
 0001:0001b940       ?allocate@?$allocator@UXYZ@@@std@@QAEPAUXYZ@@I@Z 1001c940 f i DllMain.obj
 0001:0001b980       ?allocate@?$allocator@U_Container_proxy@std@@@std@@QAEPAU_Container_proxy@2@I@Z 1001c980 f i DllMain.obj
 0001:0001b980       ?allocate@?$allocator@_K@std@@QAEPA_KI@Z 1001c980 f i DllMain.obj
 0001:0001b9c0       ?data@?$vector@UXYZ@@V?$allocator@UXYZ@@@std@@@std@@QAEPAUXYZ@@XZ 1001c9c0 f i DllMain.obj
 0001:0001b9c0       ?data@?$vector@_KV?$allocator@_K@std@@@std@@QAEPA_KXZ 1001c9c0 f i DllMain.obj
 0001:0001ba00       ?deallocate@?$_Default_allocator_traits@V?$allocator@U_Container_proxy@std@@@std@@@std@@SAXAAV?$allocator@U_Container_proxy@std@@@2@QAU_Container_proxy@2@I@Z 1001ca00 f i DllMain.obj
 0001:0001ba50       ?deallocate@?$allocator@UXYZ@@@std@@QAEXQAUXYZ@@I@Z 1001ca50 f i DllMain.obj
 0001:0001baf0       ?deallocate@?$allocator@U_Container_proxy@std@@@std@@QAEXQAU_Container_proxy@2@I@Z 1001caf0 f i DllMain.obj
 0001:0001baf0       ?deallocate@?$allocator@_K@std@@QAEXQA_KI@Z 1001caf0 f i DllMain.obj
 0001:0001bb90       ?is_constant_evaluated@std@@YA_NXZ 1001cb90 f i DllMain.obj
 0001:0001bbb0       ?max_size@?$_Default_allocator_traits@V?$allocator@UXYZ@@@std@@@std@@SAIABV?$allocator@UXYZ@@@2@@Z 1001cbb0 f i DllMain.obj
 0001:0001bbd0       ?max_size@?$_Default_allocator_traits@V?$allocator@_K@std@@@std@@SAIABV?$allocator@_K@2@@Z 1001cbd0 f i DllMain.obj
 0001:0001bbf0       ?max_size@?$vector@UXYZ@@V?$allocator@UXYZ@@@std@@@std@@QBEIXZ 1001cbf0 f i DllMain.obj
 0001:0001bc60       ?max_size@?$vector@_KV?$allocator@_K@std@@@std@@QBEIXZ 1001cc60 f i DllMain.obj
 0001:0001bcd0       ?what@exception@std@@UBEPBDXZ 1001ccd0 f i DllMain.obj
 0001:0001bd20       ??1MMapManager@MMAP@@QAE@XZ 1001cd20 f   MoveMap.obj
 0001:0001be50       ?loadMap@MMapManager@MMAP@@QAE_NIHH@Z 1001ce50 f   MoveMap.obj
 0001:0001c220       ?GetNavMeshQuery@MMapManager@MMAP@@QAEPBVdtNavMeshQuery@@II@Z 1001d220 f   MoveMap.obj
 0001:0001c460       ?GetNavMesh@MMapManager@MMAP@@QAEPBVdtNavMesh@@I@Z 1001d460 f   MoveMap.obj
 0001:0001c520       ?loadMapData@MMapManager@MMAP@@AAE_NI@Z 1001d520 f   MoveMap.obj
 0001:0001c850       ?packTileID@MMapManager@MMAP@@AAEIHH@Z 1001d850 f   MoveMap.obj
 0001:0001c890       ?createOrGetMMapManager@MMapFactory@MMAP@@SAPAVMMapManager@2@XZ 1001d890 f   MoveMap.obj
 0001:0001c960       ?str_replace@MMAP@@YAXAAV?$basic_string@DU?$char_traits@D@std@@V?$allocator@D@2@@std@@ABV23@1@Z 1001d960 f   MoveMap.obj
 0001:0001c9e0       ?getMapName@MMAP@@YAXIAAV?$basic_string@DU?$char_traits@D@std@@V?$allocator@D@2@@std@@@Z 1001d9e0 f   MoveMap.obj
 0001:0001ce10       ?getTileName@MMAP@@YAXIHHAAV?$basic_string@DU?$char_traits@D@std@@V?$allocator@D@2@@std@@@Z 1001de10 f   MoveMap.obj
 0001:0001d2c0       ??$?0$$V@?$_Compressed_pair@V?$allocator@D@std@@V?$_String_val@U?$_Simple_types@D@std@@@2@$00@std@@QAE@U_Zero_then_variadic_args_t@1@@Z 1001e2c0 f i MoveMap.obj
 0001:0001d2c0       ??$?0$$V@?$_Compressed_pair@V?$allocator@_W@std@@V?$_String_val@U?$_Simple_types@_W@std@@@2@$00@std@@QAE@U_Zero_then_variadic_args_t@1@@Z 1001e2c0 f i MoveMap.obj
 0001:0001d300       ??$?0AAIAAPAUMMapData@MMAP@@$0A@@?$pair@IPAUMMapData@MMAP@@@std@@QAE@AAIAAPAUMMapData@MMAP@@@Z 1001e300 f i MoveMap.obj
 0001:0001d300       ??$?0AAIAAPAVdtNavMeshQuery@@$0A@@?$pair@IPAVdtNavMeshQuery@@@std@@QAE@AAIAAPAVdtNavMeshQuery@@@Z 1001e300 f i MoveMap.obj
 0001:0001d340       ??$?0AAIAA_K$0A@@?$pair@I_K@std@@QAE@AAIAA_K@Z 1001e340 f i MoveMap.obj
 0001:0001d390       ??$?0AAPAU?$_List_node@U?$pair@$$CBIPAUMMapData@MMAP@@@std@@PAX@std@@_N$0A@@?$pair@PAU?$_List_node@U?$pair@$$CBIPAUMMapData@MMAP@@@std@@PAX@std@@_N@std@@QAE@AAPAU?$_List_node@U?$pair@$$CBIPAUMMapData@MMAP@@@std@@PAX@1@$$QA_N@Z 1001e390 f i MoveMap.obj
 0001:0001d390       ??$?0AAPAU?$_List_node@U?$pair@$$CBIPAVdtNavMeshQuery@@@std@@PAX@std@@_N$0A@@?$pair@PAU?$_List_node@U?$pair@$$CBIPAVdtNavMeshQuery@@@std@@PAX@std@@_N@std@@QAE@AAPAU?$_List_node@U?$pair@$$CBIPAVdtNavMeshQuery@@@std@@PAX@1@$$QA_N@Z 1001e390 f i MoveMap.obj
 0001:0001d390       ??$?0PAU?$_List_node@U?$pair@$$CBIPAUMMapData@MMAP@@@std@@PAX@std@@_N$0A@@?$pair@PAU?$_List_node@U?$pair@$$CBIPAUMMapData@MMAP@@@std@@PAX@std@@_N@std@@QAE@$$QAPAU?$_List_node@U?$pair@$$CBIPAUMMapData@MMAP@@@std@@PAX@1@$$QA_N@Z 1001e390 f i MoveMap.obj
 0001:0001d390       ??$?0PAU?$_List_node@U?$pair@$$CBIPAVdtNavMeshQuery@@@std@@PAX@std@@_N$0A@@?$pair@PAU?$_List_node@U?$pair@$$CBIPAVdtNavMeshQuery@@@std@@PAX@std@@_N@std@@QAE@$$QAPAU?$_List_node@U?$pair@$$CBIPAVdtNavMeshQuery@@@std@@PAX@1@$$QA_N@Z 1001e390 f i MoveMap.obj
 0001:0001d3d0       ??$?0ABI$$Z$$V@?$pair@$$CBIPAUMMapData@MMAP@@@std@@QAE@Upiecewise_construct_t@1@V?$tuple@ABI@1@V?$tuple@$$V@1@@Z 1001e3d0 f i MoveMap.obj
 0001:0001d3d0       ??$?0ABI$$Z$$V@?$pair@$$CBIPAVdtNavMeshQuery@@@std@@QAE@Upiecewise_construct_t@1@V?$tuple@ABI@1@V?$tuple@$$V@1@@Z 1001e3d0 f i MoveMap.obj
 0001:0001d430       ??$?0ABI$0A@@?$tuple@ABI@std@@QAE@ABI@Z 1001e430 f i MoveMap.obj
 0001:0001d4b0       ??$?0ABI@?$_Tuple_val@ABI@std@@QAE@ABI@Z 1001e4b0 f i MoveMap.obj
 0001:0001d4f0       ??$?0ABUpiecewise_construct_t@std@@V?$tuple@ABI@1@V?$tuple@$$V@1@@?$_List_node_emplace_op2@V?$allocator@U?$_List_node@U?$pair@$$CBIPAUMMapData@MMAP@@@std@@PAX@std@@@std@@@std@@QAE@AAV?$allocator@U?$_List_node@U?$pair@$$CBIPAUMMapData@MMAP@@@std@@PAX@std@@@1@ABUpiecewise_construct_t@1@$$QAV?$tuple@ABI@1@$$QAV?$tuple@$$V@1@@Z 1001e4f0 f i MoveMap.obj
 0001:0001d4f0       ??$?0ABUpiecewise_construct_t@std@@V?$tuple@ABI@1@V?$tuple@$$V@1@@?$_List_node_emplace_op2@V?$allocator@U?$_List_node@U?$pair@$$CBIPAVdtNavMeshQuery@@@std@@PAX@std@@@std@@@std@@QAE@AAV?$allocator@U?$_List_node@U?$pair@$$CBIPAVdtNavMeshQuery@@@std@@PAX@std@@@1@ABUpiecewise_construct_t@1@$$QAV?$tuple@ABI@1@$$QAV?$tuple@$$V@1@@Z 1001e4f0 f i MoveMap.obj
 0001:0001d5b0       ??$?0ABV?$allocator@D@std@@$$V@?$_Compressed_pair@V?$allocator@D@std@@V?$_String_val@U?$_Simple_types@D@std@@@2@$00@std@@QAE@U_One_then_variadic_args_t@1@ABV?$allocator@D@1@@Z 1001e5b0 f i MoveMap.obj
 0001:0001d5b0       ??$?0V?$allocator@D@std@@$$V@?$_Compressed_pair@V?$allocator@D@std@@V?$_String_val@U?$_Simple_types@D@std@@@2@$00@std@@QAE@U_One_then_variadic_args_t@1@$$QAV?$allocator@D@1@@Z 1001e5b0 f i MoveMap.obj
 0001:0001d5f0       ??$?0ABV?$allocator@U?$pair@$$CBIPAUMMapData@MMAP@@@std@@@std@@$$V@?$_Compressed_pair@V?$allocator@U?$_List_node@U?$pair@$$CBIPAUMMapData@MMAP@@@std@@PAX@std@@@std@@V?$_List_val@U?$_List_simple_types@U?$pair@$$CBIPAUMMapData@MMAP@@@std@@@std@@@2@$00@std@@QAE@U_One_then_variadic_args_t@1@ABV?$allocator@U?$pair@$$CBIPAUMMapData@MMAP@@@std@@@1@@Z 1001e5f0 f i MoveMap.obj
 0001:0001d5f0       ??$?0ABV?$allocator@U?$pair@$$CBIPAVdtNavMeshQuery@@@std@@@std@@$$V@?$_Compressed_pair@V?$allocator@U?$_List_node@U?$pair@$$CBIPAVdtNavMeshQuery@@@std@@PAX@std@@@std@@V?$_List_val@U?$_List_simple_types@U?$pair@$$CBIPAVdtNavMeshQuery@@@std@@@std@@@2@$00@std@@QAE@U_One_then_variadic_args_t@1@ABV?$allocator@U?$pair@$$CBIPAVdtNavMeshQuery@@@std@@@1@@Z 1001e5f0 f i MoveMap.obj
 0001:0001d5f0       ??$?0ABV?$allocator@U?$pair@$$CBI_K@std@@@std@@$$V@?$_Compressed_pair@V?$allocator@U?$_List_node@U?$pair@$$CBI_K@std@@PAX@std@@@std@@V?$_List_val@U?$_List_simple_types@U?$pair@$$CBI_K@std@@@std@@@2@$00@std@@QAE@U_One_then_variadic_args_t@1@ABV?$allocator@U?$pair@$$CBI_K@std@@@1@@Z 1001e5f0 f i MoveMap.obj
 0001:0001d630       ??$?0ABV?$allocator@U?$pair@$$CBIPAUMMapData@MMAP@@@std@@@std@@$$V@?$_Compressed_pair@V?$allocator@V?$_List_unchecked_iterator@V?$_List_val@U?$_List_simple_types@U?$pair@$$CBIPAUMMapData@MMAP@@@std@@@std@@@std@@@std@@@std@@V?$_Vector_val@U?$_Simple_types@V?$_List_unchecked_iterator@V?$_List_val@U?$_List_simple_types@U?$pair@$$CBIPAUMMapData@MMAP@@@std@@@std@@@std@@@std@@@std@@@2@$00@std@@QAE@U_One_then_variadic_args_t@1@ABV?$allocator@U?$pair@$$CBIPAUMMapData@MMAP@@@std@@@1@@Z 1001e630 f i MoveMap.obj
 0001:0001d630       ??$?0ABV?$allocator@U?$pair@$$CBIPAVdtNavMeshQuery@@@std@@@std@@$$V@?$_Compressed_pair@V?$allocator@V?$_List_unchecked_iterator@V?$_List_val@U?$_List_simple_types@U?$pair@$$CBIPAVdtNavMeshQuery@@@std@@@std@@@std@@@std@@@std@@V?$_Vector_val@U?$_Simple_types@V?$_List_unchecked_iterator@V?$_List_val@U?$_List_simple_types@U?$pair@$$CBIPAVdtNavMeshQuery@@@std@@@std@@@std@@@std@@@std@@@2@$00@std@@QAE@U_One_then_variadic_args_t@1@ABV?$allocator@U?$pair@$$CBIPAVdtNavMeshQuery@@@std@@@1@@Z 1001e630 f i MoveMap.obj
 0001:0001d630       ??$?0ABV?$allocator@U?$pair@$$CBI_K@std@@@std@@$$V@?$_Compressed_pair@V?$allocator@V?$_List_unchecked_iterator@V?$_List_val@U?$_List_simple_types@U?$pair@$$CBI_K@std@@@std@@@std@@@std@@@std@@V?$_Vector_val@U?$_Simple_types@V?$_List_unchecked_iterator@V?$_List_val@U?$_List_simple_types@U?$pair@$$CBI_K@std@@@std@@@std@@@std@@@std@@@2@$00@std@@QAE@U_One_then_variadic_args_t@1@ABV?$allocator@U?$pair@$$CBI_K@std@@@1@@Z 1001e630 f i MoveMap.obj
 0001:0001d670       ??$?0ABV?$allocator@U?$pair@$$CBIPAUMMapData@MMAP@@@std@@@std@@$0A@@?$_Hash_vec@V?$allocator@V?$_List_unchecked_iterator@V?$_List_val@U?$_List_simple_types@U?$pair@$$CBIPAUMMapData@MMAP@@@std@@@std@@@std@@@std@@@std@@@std@@QAE@ABV?$allocator@U?$pair@$$CBIPAUMMapData@MMAP@@@std@@@1@@Z 1001e670 f i MoveMap.obj
 0001:0001d670       ??$?0ABV?$allocator@U?$pair@$$CBIPAVdtNavMeshQuery@@@std@@@std@@$0A@@?$_Hash_vec@V?$allocator@V?$_List_unchecked_iterator@V?$_List_val@U?$_List_simple_types@U?$pair@$$CBIPAVdtNavMeshQuery@@@std@@@std@@@std@@@std@@@std@@@std@@QAE@ABV?$allocator@U?$pair@$$CBIPAVdtNavMeshQuery@@@std@@@1@@Z 1001e670 f i MoveMap.obj
 0001:0001d670       ??$?0ABV?$allocator@U?$pair@$$CBI_K@std@@@std@@$0A@@?$_Hash_vec@V?$allocator@V?$_List_unchecked_iterator@V?$_List_val@U?$_List_simple_types@U?$pair@$$CBI_K@std@@@std@@@std@@@std@@@std@@@std@@QAE@ABV?$allocator@U?$pair@$$CBI_K@std@@@1@@Z 1001e670 f i MoveMap.obj
 0001:0001d710       ??$?0D@?$allocator@U_Container_proxy@std@@@std@@QAE@ABV?$allocator@D@1@@Z 1001e710 f i MoveMap.obj
 0001:0001d710       ??$?0U?$_List_node@U?$pair@$$CBIPAUMMapData@MMAP@@@std@@PAX@std@@@?$allocator@U_Container_proxy@std@@@std@@QAE@ABV?$allocator@U?$_List_node@U?$pair@$$CBIPAUMMapData@MMAP@@@std@@PAX@std@@@1@@Z 1001e710 f i MoveMap.obj
 0001:0001d710       ??$?0U?$_List_node@U?$pair@$$CBIPAVdtNavMeshQuery@@@std@@PAX@std@@@?$allocator@U_Container_proxy@std@@@std@@QAE@ABV?$allocator@U?$_List_node@U?$pair@$$CBIPAVdtNavMeshQuery@@@std@@PAX@std@@@1@@Z 1001e710 f i MoveMap.obj
 0001:0001d710       ??$?0U?$_List_node@U?$pair@$$CBI_K@std@@PAX@std@@@?$allocator@U_Container_proxy@std@@@std@@QAE@ABV?$allocator@U?$_List_node@U?$pair@$$CBI_K@std@@PAX@std@@@1@@Z 1001e710 f i MoveMap.obj
 0001:0001d710       ??$?0U?$pair@$$CBIPAUMMapData@MMAP@@@std@@@?$allocator@U?$_List_node@U?$pair@$$CBIPAUMMapData@MMAP@@@std@@PAX@std@@@std@@QAE@ABV?$allocator@U?$pair@$$CBIPAUMMapData@MMAP@@@std@@@1@@Z 1001e710 f i MoveMap.obj
 0001:0001d710       ??$?0U?$pair@$$CBIPAUMMapData@MMAP@@@std@@@?$allocator@V?$_List_unchecked_iterator@V?$_List_val@U?$_List_simple_types@U?$pair@$$CBIPAUMMapData@MMAP@@@std@@@std@@@std@@@std@@@std@@QAE@ABV?$allocator@U?$pair@$$CBIPAUMMapData@MMAP@@@std@@@1@@Z 1001e710 f i MoveMap.obj
 0001:0001d710       ??$?0U?$pair@$$CBIPAVdtNavMeshQuery@@@std@@@?$allocator@U?$_List_node@U?$pair@$$CBIPAVdtNavMeshQuery@@@std@@PAX@std@@@std@@QAE@ABV?$allocator@U?$pair@$$CBIPAVdtNavMeshQuery@@@std@@@1@@Z 1001e710 f i MoveMap.obj
 0001:0001d710       ??$?0U?$pair@$$CBIPAVdtNavMeshQuery@@@std@@@?$allocator@V?$_List_unchecked_iterator@V?$_List_val@U?$_List_simple_types@U?$pair@$$CBIPAVdtNavMeshQuery@@@std@@@std@@@std@@@std@@@std@@QAE@ABV?$allocator@U?$pair@$$CBIPAVdtNavMeshQuery@@@std@@@1@@Z 1001e710 f i MoveMap.obj
 0001:0001d710       ??$?0U?$pair@$$CBI_K@std@@@?$allocator@U?$_List_node@U?$pair@$$CBI_K@std@@PAX@std@@@std@@QAE@ABV?$allocator@U?$pair@$$CBI_K@std@@@1@@Z 1001e710 f i MoveMap.obj
 0001:0001d710       ??$?0U?$pair@$$CBI_K@std@@@?$allocator@V?$_List_unchecked_iterator@V?$_List_val@U?$_List_simple_types@U?$pair@$$CBI_K@std@@@std@@@std@@@std@@@std@@QAE@ABV?$allocator@U?$pair@$$CBI_K@std@@@1@@Z 1001e710 f i MoveMap.obj
 0001:0001d710       ??$?0V?$_List_unchecked_iterator@V?$_List_val@U?$_List_simple_types@U?$pair@$$CBIPAUMMapData@MMAP@@@std@@@std@@@std@@@std@@@?$allocator@U_Container_proxy@std@@@std@@QAE@ABV?$allocator@V?$_List_unchecked_iterator@V?$_List_val@U?$_List_simple_types@U?$pair@$$CBIPAUMMapData@MMAP@@@std@@@std@@@std@@@std@@@1@@Z 1001e710 f i MoveMap.obj
 0001:0001d710       ??$?0V?$_List_unchecked_iterator@V?$_List_val@U?$_List_simple_types@U?$pair@$$CBIPAVdtNavMeshQuery@@@std@@@std@@@std@@@std@@@?$allocator@U_Container_proxy@std@@@std@@QAE@ABV?$allocator@V?$_List_unchecked_iterator@V?$_List_val@U?$_List_simple_types@U?$pair@$$CBIPAVdtNavMeshQuery@@@std@@@std@@@std@@@std@@@1@@Z 1001e710 f i MoveMap.obj
 0001:0001d710       ??$?0V?$_List_unchecked_iterator@V?$_List_val@U?$_List_simple_types@U?$pair@$$CBI_K@std@@@std@@@std@@@std@@@?$allocator@U_Container_proxy@std@@@std@@QAE@ABV?$allocator@V?$_List_unchecked_iterator@V?$_List_val@U?$_List_simple_types@U?$pair@$$CBI_K@std@@@std@@@std@@@std@@@1@@Z 1001e710 f i MoveMap.obj
 0001:0001d710       ??$?0_W@?$allocator@U_Container_proxy@std@@@std@@QAE@ABV?$allocator@_W@1@@Z 1001e710 f i MoveMap.obj
 0001:0001d740       ??$?0IPAUMMapData@MMAP@@$0A@@?$pair@$$CBIPAUMMapData@MMAP@@@std@@QAE@$$QAU?$pair@IPAUMMapData@MMAP@@@1@@Z 1001e740 f i MoveMap.obj
 0001:0001d740       ??$?0IPAVdtNavMeshQuery@@$0A@@?$pair@$$CBIPAVdtNavMeshQuery@@@std@@QAE@$$QAU?$pair@IPAVdtNavMeshQuery@@@1@@Z 1001e740 f i MoveMap.obj
 0001:0001d790       ??$?0I_K$0A@@?$pair@$$CBI_K@std@@QAE@$$QAU?$pair@I_K@1@@Z 1001e790 f i MoveMap.obj
 0001:0001d7e0       ??$?0M@?$_Compressed_pair@U?$equal_to@I@std@@M$00@std@@QAE@U_Zero_then_variadic_args_t@1@$$QAM@Z 1001e7e0 f i MoveMap.obj
 0001:0001d820       ??$?0U?$pair@IPAUMMapData@MMAP@@@std@@@?$_List_node_emplace_op2@V?$allocator@U?$_List_node@U?$pair@$$CBIPAUMMapData@MMAP@@@std@@PAX@std@@@std@@@std@@QAE@AAV?$allocator@U?$_List_node@U?$pair@$$CBIPAUMMapData@MMAP@@@std@@PAX@std@@@1@$$QAU?$pair@IPAUMMapData@MMAP@@@1@@Z 1001e820 f i MoveMap.obj
 0001:0001d820       ??$?0U?$pair@IPAVdtNavMeshQuery@@@std@@@?$_List_node_emplace_op2@V?$allocator@U?$_List_node@U?$pair@$$CBIPAVdtNavMeshQuery@@@std@@PAX@std@@@std@@@std@@QAE@AAV?$allocator@U?$_List_node@U?$pair@$$CBIPAVdtNavMeshQuery@@@std@@PAX@std@@@1@$$QAU?$pair@IPAVdtNavMeshQuery@@@1@@Z 1001e820 f i MoveMap.obj
 0001:0001d8e0       ??$?0U?$pair@I_K@std@@@?$_List_node_emplace_op2@V?$allocator@U?$_List_node@U?$pair@$$CBI_K@std@@PAX@std@@@std@@@std@@QAE@AAV?$allocator@U?$_List_node@U?$pair@$$CBI_K@std@@PAX@std@@@1@$$QAU?$pair@I_K@1@@Z 1001e8e0 f i MoveMap.obj
 0001:0001d9a0       ??$?0U_Exact_args_t@std@@$0A@@?$tuple@$$V@std@@QAE@U_Exact_args_t@1@@Z 1001e9a0 f i MoveMap.obj
 0001:0001d9a0       ??0?$tuple@$$V@std@@QAE@ABV01@@Z 1001e9a0 f i MoveMap.obj
 0001:0001d9d0       ??$?0U_Exact_args_t@std@@ABI$$V$0A@@?$tuple@ABI@std@@QAE@U_Exact_args_t@1@ABI@Z 1001e9d0 f i MoveMap.obj
 0001:0001da30       ??$?0U_Zero_then_variadic_args_t@std@@M@?$_Compressed_pair@U?$hash@I@std@@V?$_Compressed_pair@U?$equal_to@I@std@@M$00@2@$00@std@@QAE@U_Zero_then_variadic_args_t@1@$$QAU21@$$QAM@Z 1001ea30 f i MoveMap.obj
 0001:0001da80       ??$?0V?$_List_iterator@V?$_List_val@U?$_List_simple_types@U?$pair@$$CBIPAUMMapData@MMAP@@@std@@@std@@@std@@@std@@_N$0A@@?$pair@V?$_List_iterator@V?$_List_val@U?$_List_simple_types@U?$pair@$$CBIPAUMMapData@MMAP@@@std@@@std@@@std@@@std@@_N@std@@QAE@$$QAV?$_List_iterator@V?$_List_val@U?$_List_simple_types@U?$pair@$$CBIPAUMMapData@MMAP@@@std@@@std@@@std@@@1@$$QA_N@Z 1001ea80 f i MoveMap.obj
 0001:0001da80       ??$?0V?$_List_iterator@V?$_List_val@U?$_List_simple_types@U?$pair@$$CBIPAVdtNavMeshQuery@@@std@@@std@@@std@@@std@@_N$0A@@?$pair@V?$_List_iterator@V?$_List_val@U?$_List_simple_types@U?$pair@$$CBIPAVdtNavMeshQuery@@@std@@@std@@@std@@@std@@_N@std@@QAE@$$QAV?$_List_iterator@V?$_List_val@U?$_List_simple_types@U?$pair@$$CBIPAVdtNavMeshQuery@@@std@@@std@@@std@@@1@$$QA_N@Z 1001ea80 f i MoveMap.obj
 0001:0001da80       ??$?0V?$_List_iterator@V?$_List_val@U?$_List_simple_types@U?$pair@$$CBI_K@std@@@std@@@std@@@std@@_N$0A@@?$pair@V?$_List_iterator@V?$_List_val@U?$_List_simple_types@U?$pair@$$CBI_K@std@@@std@@@std@@@std@@_N@std@@QAE@$$QAV?$_List_iterator@V?$_List_val@U?$_List_simple_types@U?$pair@$$CBI_K@std@@@std@@@std@@@1@$$QA_N@Z 1001ea80 f i MoveMap.obj
 0001:0001dae0       ??$?0V?$_String_iterator@V?$_String_val@U?$_Simple_types@_W@std@@@std@@@std@@$0A@@?$basic_string@DU?$char_traits@D@std@@V?$allocator@D@2@@std@@QAE@V?$_String_iterator@V?$_String_val@U?$_Simple_types@_W@std@@@std@@@1@0ABV?$allocator@D@1@@Z 1001eae0 f i MoveMap.obj
 0001:0001dc00       ??$?0V?$tuple@ABI@std@@V?$tuple@$$V@1@$0A@$$Z$S@?$pair@$$CBIPAUMMapData@MMAP@@@std@@AAE@AAV?$tuple@ABI@1@AAV?$tuple@$$V@1@U?$integer_sequence@I$0A@@1@U?$integer_sequence@I$S@1@@Z 1001ec00 f i MoveMap.obj
 0001:0001dc00       ??$?0V?$tuple@ABI@std@@V?$tuple@$$V@1@$0A@$$Z$S@?$pair@$$CBIPAVdtNavMeshQuery@@@std@@AAE@AAV?$tuple@ABI@1@AAV?$tuple@$$V@1@U?$integer_sequence@I$0A@@1@U?$integer_sequence@I$S@1@@Z 1001ec00 f i MoveMap.obj
 0001:0001dc50       ??$?RI@?$_Uhash_compare@IU?$hash@I@std@@U?$equal_to@I@2@@std@@QBEIABI@Z 1001ec50 f i MoveMap.obj
 0001:0001dc90       ??$?RII@?$_Uhash_compare@IU?$hash@I@std@@U?$equal_to@I@2@@std@@QBE_NABI0@Z 1001ec90 f i MoveMap.obj
 0001:0001dd00       ??$NumberToString@H@MMAP@@YA?AV?$basic_string@DU?$char_traits@D@std@@V?$allocator@D@2@@std@@H@Z 1001ed00 f i MoveMap.obj
 0001:0001de20       ??$NumberToString@I@MMAP@@YA?AV?$basic_string@DU?$char_traits@D@std@@V?$allocator@D@2@@std@@I@Z 1001ee20 f i MoveMap.obj
 0001:0001df40       ??$_Adl_verify_range@PAV?$_List_unchecked_iterator@V?$_List_val@U?$_List_simple_types@U?$pair@$$CBIPAUMMapData@MMAP@@@std@@@std@@@std@@@std@@PAV12@@std@@YAXABQAV?$_List_unchecked_iterator@V?$_List_val@U?$_List_simple_types@U?$pair@$$CBIPAUMMapData@MMAP@@@std@@@std@@@std@@@0@0@Z 1001ef40 f i MoveMap.obj
 0001:0001df40       ??$_Adl_verify_range@PAV?$_List_unchecked_iterator@V?$_List_val@U?$_List_simple_types@U?$pair@$$CBIPAVdtNavMeshQuery@@@std@@@std@@@std@@@std@@PAV12@@std@@YAXABQAV?$_List_unchecked_iterator@V?$_List_val@U?$_List_simple_types@U?$pair@$$CBIPAVdtNavMeshQuery@@@std@@@std@@@std@@@0@0@Z 1001ef40 f i MoveMap.obj
 0001:0001df40       ??$_Adl_verify_range@PAV?$_List_unchecked_iterator@V?$_List_val@U?$_List_simple_types@U?$pair@$$CBI_K@std@@@std@@@std@@@std@@PAV12@@std@@YAXABQAV?$_List_unchecked_iterator@V?$_List_val@U?$_List_simple_types@U?$pair@$$CBI_K@std@@@std@@@std@@@0@0@Z 1001ef40 f i MoveMap.obj
 0001:0001dfb0       ??$_Adl_verify_range@V?$_String_iterator@V?$_String_val@U?$_Simple_types@_W@std@@@std@@@std@@V12@@std@@YAXABV?$_String_iterator@V?$_String_val@U?$_Simple_types@_W@std@@@std@@@0@0@Z 1001efb0 f i MoveMap.obj
 0001:0001dff0       ??$_Alloc_proxy@V?$allocator@U_Container_proxy@std@@@std@@@_Container_base12@std@@QAEX$$QAV?$allocator@U_Container_proxy@std@@@1@@Z 1001eff0 f i MoveMap.obj
 0001:0001e070       ??$_Allocate_at_least_helper@V?$allocator@D@std@@@std@@YAPADAAV?$allocator@D@0@AAI@Z 1001f070 f i MoveMap.obj
 0001:0001e0a0       ??$_Allocate_at_least_helper@V?$allocator@_W@std@@@std@@YAPA_WAAV?$allocator@_W@0@AAI@Z 1001f0a0 f i MoveMap.obj
 0001:0001e0d0       ??$_Allocate_for_capacity@$0A@@?$basic_string@DU?$char_traits@D@std@@V?$allocator@D@2@@std@@CAPADAAV?$allocator@D@1@AAI@Z 1001f0d0 f i MoveMap.obj
 0001:0001e190       ??$_Allocate_for_capacity@$0A@@?$basic_string@_WU?$char_traits@_W@std@@V?$allocator@_W@2@@std@@CAPA_WAAV?$allocator@_W@1@AAI@Z 1001f190 f i MoveMap.obj
 0001:0001e250       ??$_Construct@$00PBD@?$basic_string@DU?$char_traits@D@std@@V?$allocator@D@2@@std@@AAEXQBDI@Z 1001f250 f i MoveMap.obj
 0001:0001e490       ??$_Construct@$00PB_W@?$basic_string@_WU?$char_traits@_W@std@@V?$allocator@_W@2@@std@@AAEXQB_WI@Z 1001f490 f i MoveMap.obj
 0001:0001e6d0       ??$_Construct@$01PBD@?$basic_string@DU?$char_traits@D@std@@V?$allocator@D@2@@std@@AAEXQBDI@Z 1001f6d0 f i MoveMap.obj
 0001:0001e8d0       ??$_Construct_from_iter@PA_WPA_WI@?$basic_string@DU?$char_traits@D@std@@V?$allocator@D@2@@std@@AAEXPA_WQA_WI@Z 1001f8d0 f i MoveMap.obj
 0001:0001ead0       ??$_Construct_in_place@PADABQAD@std@@YAXAAPADABQAD@Z 1001fad0 f i MoveMap.obj
 0001:0001ead0       ??$_Construct_in_place@PAU?$_List_node@U?$pair@$$CBIPAUMMapData@MMAP@@@std@@PAX@std@@AAPAU12@@std@@YAXAAPAU?$_List_node@U?$pair@$$CBIPAUMMapData@MMAP@@@std@@PAX@0@0@Z 1001fad0 f i MoveMap.obj
 0001:0001ead0       ??$_Construct_in_place@PAU?$_List_node@U?$pair@$$CBIPAUMMapData@MMAP@@@std@@PAX@std@@ABQAU12@@std@@YAXAAPAU?$_List_node@U?$pair@$$CBIPAUMMapData@MMAP@@@std@@PAX@0@ABQAU10@@Z 1001fad0 f i MoveMap.obj
 0001:0001ead0       ??$_Construct_in_place@PAU?$_List_node@U?$pair@$$CBIPAVdtNavMeshQuery@@@std@@PAX@std@@AAPAU12@@std@@YAXAAPAU?$_List_node@U?$pair@$$CBIPAVdtNavMeshQuery@@@std@@PAX@0@0@Z 1001fad0 f i MoveMap.obj
 0001:0001ead0       ??$_Construct_in_place@PAU?$_List_node@U?$pair@$$CBIPAVdtNavMeshQuery@@@std@@PAX@std@@ABQAU12@@std@@YAXAAPAU?$_List_node@U?$pair@$$CBIPAVdtNavMeshQuery@@@std@@PAX@0@ABQAU10@@Z 1001fad0 f i MoveMap.obj
 0001:0001ead0       ??$_Construct_in_place@PAU?$_List_node@U?$pair@$$CBI_K@std@@PAX@std@@AAPAU12@@std@@YAXAAPAU?$_List_node@U?$pair@$$CBI_K@std@@PAX@0@0@Z 1001fad0 f i MoveMap.obj
 0001:0001ead0       ??$_Construct_in_place@PAU?$_List_node@U?$pair@$$CBI_K@std@@PAX@std@@ABQAU12@@std@@YAXAAPAU?$_List_node@U?$pair@$$CBI_K@std@@PAX@0@ABQAU10@@Z 1001fad0 f i MoveMap.obj
 0001:0001ead0       ??$_Construct_in_place@PA_WABQA_W@std@@YAXAAPA_WABQA_W@Z 1001fad0 f i MoveMap.obj
 0001:0001eb40       ??$_Construct_in_place@V?$_List_unchecked_iterator@V?$_List_val@U?$_List_simple_types@U?$pair@$$CBIPAUMMapData@MMAP@@@std@@@std@@@std@@@std@@ABV12@@std@@YAXAAV?$_List_unchecked_iterator@V?$_List_val@U?$_List_simple_types@U?$pair@$$CBIPAUMMapData@MMAP@@@std@@@std@@@std@@@0@ABV10@@Z 1001fb40 f i MoveMap.obj
 0001:0001eb40       ??$_Construct_in_place@V?$_List_unchecked_iterator@V?$_List_val@U?$_List_simple_types@U?$pair@$$CBIPAVdtNavMeshQuery@@@std@@@std@@@std@@@std@@ABV12@@std@@YAXAAV?$_List_unchecked_iterator@V?$_List_val@U?$_List_simple_types@U?$pair@$$CBIPAVdtNavMeshQuery@@@std@@@std@@@std@@@0@ABV10@@Z 1001fb40 f i MoveMap.obj
 0001:0001eb40       ??$_Construct_in_place@V?$_List_unchecked_iterator@V?$_List_val@U?$_List_simple_types@U?$pair@$$CBI_K@std@@@std@@@std@@@std@@ABV12@@std@@YAXAAV?$_List_unchecked_iterator@V?$_List_val@U?$_List_simple_types@U?$pair@$$CBI_K@std@@@std@@@std@@@0@ABV10@@Z 1001fb40 f i MoveMap.obj
 0001:0001ebb0       ??$_Convert_size@II@std@@YAII@Z 1001fbb0 f i MoveMap.obj
 0001:0001ebb0       ??$_Refancy@PA_W$0A@@std@@YAPA_WPA_W@Z 1001fbb0 f i MoveMap.obj
 0001:0001ebb0       ??$_Unfancy@D@std@@YAPADPAD@Z 1001fbb0 f i MoveMap.obj
 0001:0001ebb0       ??$_Unfancy@_W@std@@YAPA_WPA_W@Z 1001fbb0 f i MoveMap.obj
 0001:0001ebb0       ??$_Unfancy_maybe_null@$$CB_W@std@@YAPB_WPB_W@Z 1001fbb0 f i MoveMap.obj
 0001:0001ebb0       ?_Extract@?$_In_place_key_extract_map_impl@IU?$pair@IPAUMMapData@MMAP@@@std@@@std@@SAABIABU?$pair@IPAUMMapData@MMAP@@@2@@Z 1001fbb0 f i MoveMap.obj
 0001:0001ebb0       ?_Extract@?$_In_place_key_extract_map_impl@IU?$pair@IPAVdtNavMeshQuery@@@std@@@std@@SAABIABU?$pair@IPAVdtNavMeshQuery@@@2@@Z 1001fbb0 f i MoveMap.obj
 0001:0001ebb0       ?_Extract@?$_In_place_key_extract_map_impl@IU?$pair@I_K@std@@@std@@SAABIABU?$pair@I_K@2@@Z 1001fbb0 f i MoveMap.obj
 0001:0001ebb0       ?select_on_container_copy_construction@?$_Default_allocator_traits@V?$allocator@D@std@@@std@@SA?AV?$allocator@D@2@ABV32@@Z 1001fbb0 f i MoveMap.obj
 0001:0001ebd0       ??$_Copy_n_unchecked4@PA_WIPAD@std@@YAPADPA_WIPAD@Z 1001fbd0 f i MoveMap.obj
 0001:0001ec20       ??$_Destroy_in_place@PAD@std@@YAXAAPAD@Z 1001fc20 f i MoveMap.obj
 0001:0001ec20       ??$_Destroy_in_place@PAU?$_List_node@U?$pair@$$CBIPAUMMapData@MMAP@@@std@@PAX@std@@@std@@YAXAAPAU?$_List_node@U?$pair@$$CBIPAUMMapData@MMAP@@@std@@PAX@0@@Z 1001fc20 f i MoveMap.obj
 0001:0001ec20       ??$_Destroy_in_place@PAU?$_List_node@U?$pair@$$CBIPAVdtNavMeshQuery@@@std@@PAX@std@@@std@@YAXAAPAU?$_List_node@U?$pair@$$CBIPAVdtNavMeshQuery@@@std@@PAX@0@@Z 1001fc20 f i MoveMap.obj
 0001:0001ec20       ??$_Destroy_in_place@PAU?$_List_node@U?$pair@$$CBI_K@std@@PAX@std@@@std@@YAXAAPAU?$_List_node@U?$pair@$$CBI_K@std@@PAX@0@@Z 1001fc20 f i MoveMap.obj
 0001:0001ec20       ??$_Destroy_in_place@PA_W@std@@YAXAAPA_W@Z 1001fc20 f i MoveMap.obj
 0001:0001ec20       ??$_Destroy_range@PAV?$_List_unchecked_iterator@V?$_List_val@U?$_List_simple_types@U?$pair@$$CBIPAUMMapData@MMAP@@@std@@@std@@@std@@@std@@PAV12@@std@@YAXPAV?$_List_unchecked_iterator@V?$_List_val@U?$_List_simple_types@U?$pair@$$CBIPAUMMapData@MMAP@@@std@@@std@@@std@@@0@QAV10@@Z 1001fc20 f i MoveMap.obj
 0001:0001ec20       ??$_Destroy_range@PAV?$_List_unchecked_iterator@V?$_List_val@U?$_List_simple_types@U?$pair@$$CBIPAVdtNavMeshQuery@@@std@@@std@@@std@@@std@@PAV12@@std@@YAXPAV?$_List_unchecked_iterator@V?$_List_val@U?$_List_simple_types@U?$pair@$$CBIPAVdtNavMeshQuery@@@std@@@std@@@std@@@0@QAV10@@Z 1001fc20 f i MoveMap.obj
 0001:0001ec20       ??$_Destroy_range@PAV?$_List_unchecked_iterator@V?$_List_val@U?$_List_simple_types@U?$pair@$$CBI_K@std@@@std@@@std@@@std@@PAV12@@std@@YAXPAV?$_List_unchecked_iterator@V?$_List_val@U?$_List_simple_types@U?$pair@$$CBI_K@std@@@std@@@std@@@0@QAV10@@Z 1001fc20 f i MoveMap.obj
 0001:0001ec20       ??$_Pocca@V?$allocator@D@std@@@std@@YAXAAV?$allocator@D@0@ABV10@@Z 1001fc20 f i MoveMap.obj
 0001:0001ec20       ??$destroy_at@U?$pair@$$CBIPAUMMapData@MMAP@@@std@@@std@@YAXQAU?$pair@$$CBIPAUMMapData@MMAP@@@0@@Z 1001fc20 f i MoveMap.obj
 0001:0001ec20       ??$destroy_at@U?$pair@$$CBIPAVdtNavMeshQuery@@@std@@@std@@YAXQAU?$pair@$$CBIPAVdtNavMeshQuery@@@0@@Z 1001fc20 f i MoveMap.obj
 0001:0001ec20       ??$destroy_at@U?$pair@$$CBI_K@std@@@std@@YAXQAU?$pair@$$CBI_K@0@@Z 1001fc20 f i MoveMap.obj
 0001:0001ec40       ??$_Emplace_back@ABV?$_List_unchecked_iterator@V?$_List_val@U?$_List_simple_types@U?$pair@$$CBIPAUMMapData@MMAP@@@std@@@std@@@std@@@std@@@?$_Uninitialized_backout@PAV?$_List_unchecked_iterator@V?$_List_val@U?$_List_simple_types@U?$pair@$$CBIPAUMMapData@MMAP@@@std@@@std@@@std@@@std@@@std@@QAEXABV?$_List_unchecked_iterator@V?$_List_val@U?$_List_simple_types@U?$pair@$$CBIPAUMMapData@MMAP@@@std@@@std@@@std@@@1@@Z 1001fc40 f i MoveMap.obj
 0001:0001ec40       ??$_Emplace_back@ABV?$_List_unchecked_iterator@V?$_List_val@U?$_List_simple_types@U?$pair@$$CBIPAVdtNavMeshQuery@@@std@@@std@@@std@@@std@@@?$_Uninitialized_backout@PAV?$_List_unchecked_iterator@V?$_List_val@U?$_List_simple_types@U?$pair@$$CBIPAVdtNavMeshQuery@@@std@@@std@@@std@@@std@@@std@@QAEXABV?$_List_unchecked_iterator@V?$_List_val@U?$_List_simple_types@U?$pair@$$CBIPAVdtNavMeshQuery@@@std@@@std@@@std@@@1@@Z 1001fc40 f i MoveMap.obj
 0001:0001ec40       ??$_Emplace_back@ABV?$_List_unchecked_iterator@V?$_List_val@U?$_List_simple_types@U?$pair@$$CBI_K@std@@@std@@@std@@@std@@@?$_Uninitialized_backout@PAV?$_List_unchecked_iterator@V?$_List_val@U?$_List_simple_types@U?$pair@$$CBI_K@std@@@std@@@std@@@std@@@std@@QAEXABV?$_List_unchecked_iterator@V?$_List_val@U?$_List_simple_types@U?$pair@$$CBI_K@std@@@std@@@std@@@1@@Z 1001fc40 f i MoveMap.obj
 0001:0001ec90       ??$_Find@I@?$_Hash@V?$_Umap_traits@IPAUMMapData@MMAP@@V?$_Uhash_compare@IU?$hash@I@std@@U?$equal_to@I@2@@std@@V?$allocator@U?$pair@$$CBIPAUMMapData@MMAP@@@std@@@4@$0A@@std@@@std@@ABEPAU?$_List_node@U?$pair@$$CBIPAUMMapData@MMAP@@@std@@PAX@1@ABII@Z 1001fc90 f i MoveMap.obj
 0001:0001ec90       ??$_Find@I@?$_Hash@V?$_Umap_traits@IPAVdtNavMeshQuery@@V?$_Uhash_compare@IU?$hash@I@std@@U?$equal_to@I@2@@std@@V?$allocator@U?$pair@$$CBIPAVdtNavMeshQuery@@@std@@@3@$0A@@std@@@std@@ABEPAU?$_List_node@U?$pair@$$CBIPAVdtNavMeshQuery@@@std@@PAX@1@ABII@Z 1001fc90 f i MoveMap.obj
 0001:0001ec90       ??$_Find@I@?$_Hash@V?$_Umap_traits@I_KV?$_Uhash_compare@IU?$hash@I@std@@U?$equal_to@I@2@@std@@V?$allocator@U?$pair@$$CBI_K@std@@@2@$0A@@std@@@std@@ABEPAU?$_List_node@U?$pair@$$CBI_K@std@@PAX@1@ABII@Z 1001fc90 f i MoveMap.obj
 0001:0001ecf0       ??$_Find_last@I@?$_Hash@V?$_Umap_traits@IPAUMMapData@MMAP@@V?$_Uhash_compare@IU?$hash@I@std@@U?$equal_to@I@2@@std@@V?$allocator@U?$pair@$$CBIPAUMMapData@MMAP@@@std@@@4@$0A@@std@@@std@@IBE?AU?$_Hash_find_last_result@PAU?$_List_node@U?$pair@$$CBIPAUMMapData@MMAP@@@std@@PAX@std@@@1@ABII@Z 1001fcf0 f i MoveMap.obj
 0001:0001ecf0       ??$_Find_last@I@?$_Hash@V?$_Umap_traits@IPAVdtNavMeshQuery@@V?$_Uhash_compare@IU?$hash@I@std@@U?$equal_to@I@2@@std@@V?$allocator@U?$pair@$$CBIPAVdtNavMeshQuery@@@std@@@3@$0A@@std@@@std@@IBE?AU?$_Hash_find_last_result@PAU?$_List_node@U?$pair@$$CBIPAVdtNavMeshQuery@@@std@@PAX@std@@@1@ABII@Z 1001fcf0 f i MoveMap.obj
 0001:0001ecf0       ??$_Find_last@I@?$_Hash@V?$_Umap_traits@I_KV?$_Uhash_compare@IU?$hash@I@std@@U?$equal_to@I@2@@std@@V?$allocator@U?$pair@$$CBI_K@std@@@2@$0A@@std@@@std@@IBE?AU?$_Hash_find_last_result@PAU?$_List_node@U?$pair@$$CBI_K@std@@PAX@std@@@1@ABII@Z 1001fcf0 f i MoveMap.obj
 0001:0001edf0       ??$_Fnv1a_append_value@I@std@@YAIIABI@Z 1001fdf0 f i MoveMap.obj
[...]
 0004:000006b8       __DC64CB38_processthreadsapi@h 1006c6b8     PathFinder.obj
 0004:000006b9       __D719B518_sysinfoapi@h    1006c6b9     PathFinder.obj
 0004:000006ba       __410385B1_memoryapi@h     1006c6ba     PathFinder.obj
 0004:000006bb       __C1AD45EF_enclaveapi@h    1006c6bb     PathFinder.obj
 0004:000006bc       __F4C3AA32_threadpoollegacyapiset@h 1006c6bc     PathFinder.obj
 0004:000006bd       __AC5A7A9F_threadpoolapiset@h 1006c6bd     PathFinder.obj
 0004:000006be       __F5254B21_jobapi@h        1006c6be     PathFinder.obj
 0004:000006bf       __BCEA6EE8_jobapi2@h       1006c6bf     PathFinder.obj
 0004:000006c0       __D18ACE72_wow64apiset@h   1006c6c0     PathFinder.obj
 0004:000006c1       __669B0D4A_libloaderapi@h  1006c6c1     PathFinder.obj
 0004:000006c2       __645F7034_securitybaseapi@h 1006c6c2     PathFinder.obj
 0004:000006c3       __67E58557_namespaceapi@h  1006c6c3     PathFinder.obj
 0004:000006c4       __599D9D3A_systemtopologyapi@h 1006c6c4     PathFinder.obj
 0004:000006c5       __2337E373_processtopologyapi@h 1006c6c5     PathFinder.obj
 0004:000006c6       __02BFF239_securityappcontainer@h 1006c6c6     PathFinder.obj
 0004:000006c7       __9C196272_realtimeapiset@h 1006c6c7     PathFinder.obj
 0004:000006c8       __5AB313A4_winerror@h      1006c6c8     PathFinder.obj
 0004:000006c9       __B7E7187B_timezoneapi@h   1006c6c9     PathFinder.obj
 0004:000006ca       __6DE9EB6F_winbase@h       1006c6ca     PathFinder.obj
 0004:000006cb       __56B2AFF2_wingdi@h        1006c6cb     PathFinder.obj
 0004:000006cc       __BA1161A9_tvout@h         1006c6cc     PathFinder.obj
 0004:000006cd       __0501A018_winuser@h       1006c6cd     PathFinder.obj
 0004:000006ce       __EF12FA99_datetimeapi@h   1006c6ce     PathFinder.obj
 0004:000006cf       __8FA7C3CA_winnls@h        1006c6cf     PathFinder.obj
 0004:000006d0       __390F0C47_stringapiset@h  1006c6d0     PathFinder.obj
 0004:000006d1       __28605B0A_wincontypes@h   1006c6d1     PathFinder.obj
 0004:000006d2       __BFBDE86D_consoleapi@h    1006c6d2     PathFinder.obj
 0004:000006d3       __C3CAFBF0_consoleapi2@h   1006c6d3     PathFinder.obj
 0004:000006d4       __C20891C7_consoleapi3@h   1006c6d4     PathFinder.obj
 0004:000006d5       __717C98B6_wincon@h        1006c6d5     PathFinder.obj
 0004:000006d6       __2884C177_verrsrc@h       1006c6d6     PathFinder.obj
 0004:000006d7       __A3FD3A34_winver@h        1006c6d7     PathFinder.obj
 0004:000006d8       __6F8AD9F1_reason@h        1006c6d8     PathFinder.obj
 0004:000006d9       __4C90FD6F_winreg@h        1006c6d9     PathFinder.obj
 0004:000006da       __68AFEBAD_wnnc@h          1006c6da     PathFinder.obj
 0004:000006db       __5A7AB086_winnetwk@h      1006c6db     PathFinder.obj
 0004:000006dc       __2FE8A10C_stralign@h      1006c6dc     PathFinder.obj
 0004:000006dd       __34558472_winsvc@h        1006c6dd     PathFinder.obj
 0004:000006de       __058845F1_mcx@h           1006c6de     PathFinder.obj
 0004:000006df       __7F16006B_ime_cmodes@h    1006c6df     PathFinder.obj
 0004:000006e0       __0A3AF599_imm@h           1006c6e0     PathFinder.obj
 0004:000006e1       __9349FE86_windows@h       1006c6e1     PathFinder.obj
 0004:000006e2       __C995D291_platform@h      1006c6e2     PathFinder.obj
 0004:000006e3       __035EC1D9_cstdarg         1006c6e3     PathFinder.obj
 0004:000006e4       __9AB76051_iosfwd          1006c6e4     PathFinder.obj
 0004:000006e5       __9C6F385E___msvc_string_view@hpp 1006c6e5     PathFinder.obj
 0004:000006e6       __FB910D4B_xstring         1006c6e6     PathFinder.obj
 0004:000006e7       __4C37D493_cctype          1006c6e7     PathFinder.obj
 0004:000006e8       __9E233FC5_string          1006c6e8     PathFinder.obj
 0004:000006e9       __73089425_format@h        1006c6e9     PathFinder.obj
 0004:000006ea       __C6821984_debugPrintf@h   1006c6ea     PathFinder.obj
 0004:000006eb       __3FB01BAB_debugAssert@h   1006c6eb     PathFinder.obj
 0004:000006ec       __CCAD519B_debug@h         1006c6ec     PathFinder.obj
 0004:000006ed       __CBD67776_g3dmath@h       1006c6ed     PathFinder.obj
 0004:000006ee       __3344EB3D_AtomicInt32@h   1006c6ee     PathFinder.obj
 0004:000006ef       __E87B7520_GMutex@h        1006c6ef     PathFinder.obj
 0004:000006f0       __A89CFDA2_Random@h        1006c6f0     PathFinder.obj
 0004:000006f1       __5DE02CB1_G3DGameUnits@h  1006c6f1     PathFinder.obj
 0004:000006f2       __D3FA06B1_BinaryFormat@h  1006c6f2     PathFinder.obj
 0004:000006f3       __80124936_System@h        1006c6f3     PathFinder.obj
 0004:000006f4       __720D3C8C_ReferenceCount@h 1006c6f4     PathFinder.obj
 0004:000006f5       __31593D35_MemoryManager@h 1006c6f5     PathFinder.obj
 0004:000006f6       __B1EDCAD0___msvc_heap_algorithms@hpp 1006c6f6     PathFinder.obj
 0004:000006f7       __14C48C7B___msvc_minmax@hpp 1006c6f7     PathFinder.obj
 0004:000006f8       __2D843D75_xsmf_control@h  1006c6f8     PathFinder.obj
 0004:000006f9       __86665800_optional        1006c6f9     PathFinder.obj
 0004:000006fa       __2B1A2E10_algorithm       1006c6fa     PathFinder.obj
 0004:000006fb       __E6D8ACB3_Array@h         1006c6fb     PathFinder.obj
 0004:000006fc       __01ADC7B6_EqualsTrait@h   1006c6fc     PathFinder.obj
 0004:000006fd       __41944DD5_Crypto@h        1006c6fd     PathFinder.obj
 0004:000006fe       __E77F1808_uint128@h       1006c6fe     PathFinder.obj
 0004:000006ff       __E5432CCE_HashTrait@h     1006c6ff     PathFinder.obj
 0004:00000700       __D1CA7AA4_Table@h         1006c700     PathFinder.obj
 0004:00000701       __CD683A90_Vector2int16@h  1006c701     PathFinder.obj
 0004:00000702       __7BDB7EA0_Vector2@h       1006c702     PathFinder.obj
 0004:00000703       __08A84AC6_PositionTrait@h 1006c703     PathFinder.obj
 0004:00000704       __FE1E4341_iterator        1006c704     PathFinder.obj
 0004:00000705       __85852BDB_share@h         1006c705     PathFinder.obj
 0004:00000706       __729AB2C8___msvc_system_error_abi@hpp 1006c706     PathFinder.obj
 0004:00000707       __DEDD47CF_cerrno          1006c707     PathFinder.obj
 0004:00000708       __48985699_stdexcept       1006c708     PathFinder.obj
 0004:00000709       __7EE71613_xcall_once@h    1006c709     PathFinder.obj
 0004:0000070a       __CC0FCE2F_xerrc@h         1006c70a     PathFinder.obj
 0004:0000070b       __253A96D6_xatomic_wait@h  1006c70b     PathFinder.obj
 0004:0000070c       __CCCF7540___msvc_threads_core@hpp 1006c70c     PathFinder.obj
 0004:0000070d       __1FF36214_time@h          1006c70d     PathFinder.obj
 0004:0000070e       __C487A1FF_ctime           1006c70e     PathFinder.obj
 0004:0000070f       __59761740_xtimec@h        1006c70f     PathFinder.obj
 0004:00000710       __F8E238E3_xthreads@h      1006c710     PathFinder.obj
 0004:00000711       __3D6BE915_atomic          1006c711     PathFinder.obj
 0004:00000712       __C1BA0433_system_error    1006c712     PathFinder.obj
 0004:00000713       __DDC0F04D_vcruntime_typeinfo@h 1006c713     PathFinder.obj
 0004:00000714       __9F6D0718_typeinfo        1006c714     PathFinder.obj
 0004:00000715       __EAF0B959_memory          1006c715     PathFinder.obj
 0004:00000716       __C6B5EE56_xfacet          1006c716     PathFinder.obj
 0004:00000717       __C70396E3___msvc_xlocinfo_types@hpp 1006c717     PathFinder.obj
 0004:00000718       __FFBDF365_locale@h        1006c718     PathFinder.obj
 0004:00000719       __4176B14E_clocale         1006c719     PathFinder.obj
 0004:0000071a       __80E4E4D0_xlocinfo        1006c71a     PathFinder.obj
 0004:0000071b       __24AF797A_xlocale         1006c71b     PathFinder.obj
 0004:0000071c       __B90193C3_xiosbase        1006c71c     PathFinder.obj
 0004:0000071d       __4A38EE25_streambuf       1006c71d     PathFinder.obj
 0004:0000071e       __BA281F6D_xlocnum         1006c71e     PathFinder.obj
 0004:0000071f       __D1D82A14_ios             1006c71f     PathFinder.obj
 0004:00000720       __00DCFE7C___msvc_ostream@hpp 1006c720     PathFinder.obj
 0004:00000721       __546F9684_istream         1006c721     PathFinder.obj
 0004:00000722       __004B4691___msvc_filebuf@hpp 1006c722     PathFinder.obj
 0004:00000723       __6A66F849_xfilesystem_abi@h 1006c723     PathFinder.obj
 0004:00000724       __4AD7D1B0___msvc_print@hpp 1006c724     PathFinder.obj
 0004:00000725       __C4C6B8B5___msvc_format_ucd_tables@hpp 1006c725     PathFinder.obj
 0004:00000726       __15B3F7D0_bit             1006c726     PathFinder.obj
 0004:00000727       __49CD77AC___msvc_ranges_tuple_formatter@hpp 1006c727     PathFinder.obj
 0004:00000728       __B34A3E5A_xcharconv@h     1006c728     PathFinder.obj
 0004:00000729       __4843BE3F_xcharconv_ryu_tables@h 1006c729     PathFinder.obj
 0004:0000072a       __34F69649_xcharconv_ryu@h 1006c72a     PathFinder.obj
 0004:0000072b       __4E83C078_xcharconv_tables@h 1006c72b     PathFinder.obj
 0004:0000072c       __F03D9A67_charconv        1006c72c     PathFinder.obj
 0004:0000072d       __24E03F81_xlocbuf         1006c72d     PathFinder.obj
 0004:0000072e       __08A38E06_xlocmes         1006c72e     PathFinder.obj
 0004:0000072f       __914A0A55_xlocmon         1006c72f     PathFinder.obj
 0004:00000730       __24F94DC2_xloctime        1006c730     PathFinder.obj
 0004:00000731       __411D4BF4_locale          1006c731     PathFinder.obj
 0004:00000732       __DE27FFB3_format          1006c732     PathFinder.obj
 0004:00000733       __37BFA3BE_ostream         1006c733     PathFinder.obj
 0004:00000734       __8DCB8E1E_iostream        1006c734     PathFinder.obj
 0004:00000735       __7A191497_Vector3@h       1006c735     PathFinder.obj
 0004:00000736       __E418A80A_StatusDetailFlag@h 1006c736     PathFinder.obj
 0004:00000737       __F5063144_NavStatus@h     1006c737     PathFinder.obj
 0004:00000738       __96DAED05_StraightPathFlags@h 1006c738     PathFinder.obj
 0004:00000739       __C2A868BE_PathFinder@h    1006c739     PathFinder.obj
 0004:0000073a       __39AF3D4C_OffMeshManager@h 1006c73a     PathFinder.obj
 0004:0000073b       __A227E66D_fstream         1006c73b     PathFinder.obj
 0004:0000073c       __4A404FDF_PathFinder@cpp  1006c73c     PathFinder.obj
 0004:0000073d       __51CE0BA9_NavTypes@h      1006c73d     PathResult.obj
 0004:0000073e       __8C83BECC_concurrencysal@h 1006c73e     PathResult.obj
 0004:0000073f       __608E3340_sal@h           1006c73f     PathResult.obj
 0004:00000740       __FB67E29A_vadefs@h        1006c740     PathResult.obj
 0004:00000741       __1D1B619C_vcruntime@h     1006c741     PathResult.obj
 0004:00000742       __F9C62481_xkeycheck@h     1006c742     PathResult.obj
 0004:00000743       __3D7FC843_yvals_core@h    1006c743     PathResult.obj
 0004:00000744       __836A8CFC_stdint@h        1006c744     PathResult.obj
 0004:00000745       __6F848CE2_cstdint         1006c745     PathResult.obj
 0004:00000746       __E418A80A_StatusDetailFlag@h 1006c746     PathResult.obj
 0004:00000747       __F5063144_NavStatus@h     1006c747     PathResult.obj
 0004:00000748       __96DAED05_StraightPathFlags@h 1006c748     PathResult.obj
 0004:00000749       __66B4A154_PathResult@h    1006c749     PathResult.obj
 0004:0000074a       __0C698AB1_PathResult@cpp  1006c74a     PathResult.obj
 0004:0000074b       __8C83BECC_concurrencysal@h 1006c74b     DetourPathCorridor.obj
 0004:0000074c       __608E3340_sal@h           1006c74c     DetourPathCorridor.obj
 0004:0000074d       __FB67E29A_vadefs@h        1006c74d     DetourPathCorridor.obj
 0004:0000074e       __1D1B619C_vcruntime@h     1006c74e     DetourPathCorridor.obj
 0004:0000074f       __735960E1_corecrt@h       1006c74f     DetourPathCorridor.obj
 0004:00000750       __13DE2371_errno@h         1006c750     DetourPathCorridor.obj
 0004:00000751       __8C6AE390_vcruntime_string@h 1006c751     DetourPathCorridor.obj
 0004:00000752       __8ACB2152_corecrt_memcpy_s@h 1006c752     DetourPathCorridor.obj
 0004:00000753       __EA6C9D17_corecrt_memory@h 1006c753     DetourPathCorridor.obj
 0004:00000754       __0DF2AF52_corecrt_wstring@h 1006c754     DetourPathCorridor.obj
 0004:00000755       __6E889ECC_string@h        1006c755     DetourPathCorridor.obj
 0004:00000756       __955456CD_stddef@h        1006c756     DetourPathCorridor.obj
 0004:00000757       __A6E235B1_DetourAlloc@h   1006c757     DetourPathCorridor.obj
 0004:00000758       __899D84D4_DetourStatus@h  1006c758     DetourPathCorridor.obj
 0004:00000759       __836A8CFC_stdint@h        1006c759     DetourPathCorridor.obj
 0004:0000075a       __9852821C_DetourNavMesh@h 1006c75a     DetourPathCorridor.obj
 0004:0000075b       __12226CCB_DetourNavMeshQuery@h 1006c75b     DetourPathCorridor.obj
 0004:0000075c       __0883568F_DetourPathCorridor@h 1006c75c     DetourPathCorridor.obj
 0004:0000075d       __1D9A7FA2_corecrt_math@h  1006c75d     DetourPathCorridor.obj
 0004:0000075e       __2E93F1C0_math@h          1006c75e     DetourPathCorridor.obj
 0004:0000075f       __9BBA6E1F_DetourMath@h    1006c75f     DetourPathCorridor.obj
 0004:00000760       __A197CF9B_DetourCommon@h  1006c760     DetourPathCorridor.obj
 0004:00000761       __9FB25DBE_assert@h        1006c761     DetourPathCorridor.obj
 0004:00000762       __F9A2BF92_DetourAssert@h  1006c762     DetourPathCorridor.obj
 0004:00000763       __25B7FCBD_DetourPathCorridor@cpp 1006c763     DetourPathCorridor.obj
 0005:00000060       $R000000                   1006d060     * linker generated manifest res *

 Exports

  ordinal    name

        1    _AddOffMeshConnection_C
               exported name: AddOffMeshConnection_C
        2    _CalculatePath
               exported name: CalculatePath
        3    _CalculatePathEx
               exported name: CalculatePathEx
        4    _CalculatePath_C
               exported name: CalculatePath_C
        5    _ClosestPointOnPoly
               exported name: ClosestPointOnPoly
        6    _ClosestPointOnPolyBoundary
               exported name: ClosestPointOnPolyBoundary
        7    _ClosestPointOnPolyBoundary_C
               exported name: ClosestPointOnPolyBoundary_C
        8    _ClosestPointOnPoly_C
               exported name: ClosestPointOnPoly_C
        9    _CreateCorridorForAgent_C
               exported name: CreateCorridorForAgent_C
       10    _DestroyCorridorForAgent_C
               exported name: DestroyCorridorForAgent_C
       11    _EnsureTilesDirectional_C
               exported name: EnsureTilesDirectional_C
       12    _EnsureTiles_C
               exported name: EnsureTiles_C
       13    _FinalizeSlicedFindPath
               exported name: FinalizeSlicedFindPath
       14    _FindDistanceToWall
               exported name: FindDistanceToWall
       15    _FindLocalNeighbourhood
               exported name: FindLocalNeighbourhood
       16    _FindLocalNeighbourhood_C
               exported name: FindLocalNeighbourhood_C
       17    _FindNearestPointEx_C
               exported name: FindNearestPointEx_C
       18    _FindNearestPoint_C
               exported name: FindNearestPoint_C
       19    _FindNearestPoly
               exported name: FindNearestPoly
       20    _FindNearestPolyRef
               exported name: FindNearestPolyRef
       21    _FindNearestPolyRef_C
               exported name: FindNearestPolyRef_C
       22    _FindPolysAroundCircle
               exported name: FindPolysAroundCircle
       23    _FindRandomPointAroundCircle
               exported name: FindRandomPointAroundCircle
       24    _FindRandomPoint_C
               exported name: FindRandomPoint_C
       25    _FreePathArr
               exported name: FreePathArr
       26    _FreePathArr_C
               exported name: FreePathArr_C
       27    _FreePathResult
               exported name: FreePathResult
       28    _GetAreaCost
               exported name: GetAreaCost
       29    _GetLoadedTilesCount
               exported name: GetLoadedTilesCount
       30    _GetNavStats
               exported name: GetNavStats
       31    _GetNavStats_C
               exported name: GetNavStats_C
       32    _GetPolyHeight
               exported name: GetPolyHeight
       33    _GetPolyHeight_C
               exported name: GetPolyHeight_C
       34    _GetPolyWallSegments
               exported name: GetPolyWallSegments
       35    _GetPolyWallSegments_C
               exported name: GetPolyWallSegments_C
       36    _HasLineOfSight
               exported name: HasLineOfSight
       37    _InitSlicedFindPath
               exported name: InitSlicedFindPath
       38    _IsOffMeshConnection_C
               exported name: IsOffMeshConnection_C
       39    _IsPointOnNavMesh
               exported name: IsPointOnNavMesh
       40    _IsTileLoaded
               exported name: IsTileLoaded
       41    _LoadTileOffMesh_C
               exported name: LoadTileOffMesh_C
       42    _NavStatus_AddFlag
               exported name: NavStatus_AddFlag
       43    _NavStatus_BufferTooSmallFlag
               exported name: NavStatus_BufferTooSmallFlag
       44    _NavStatus_FailureFlag
               exported name: NavStatus_FailureFlag
       45    _NavStatus_HasFlag
               exported name: NavStatus_HasFlag
       46    _NavStatus_InProgressFlag
               exported name: NavStatus_InProgressFlag
       47    _NavStatus_InvalidParamFlag
               exported name: NavStatus_InvalidParamFlag
       48    _NavStatus_IsFailure
               exported name: NavStatus_IsFailure
       49    _NavStatus_IsInProgress
               exported name: NavStatus_IsInProgress
       50    _NavStatus_IsSuccess
               exported name: NavStatus_IsSuccess
       51    _NavStatus_OutOfMemoryFlag
               exported name: NavStatus_OutOfMemoryFlag
       52    _NavStatus_OutOfNodesFlag
               exported name: NavStatus_OutOfNodesFlag
       53    _NavStatus_PartialResultFlag
               exported name: NavStatus_PartialResultFlag
       54    _NavStatus_SuccessFlag
               exported name: NavStatus_SuccessFlag
       55    _NavStatus_WrongMagicFlag
               exported name: NavStatus_WrongMagicFlag
       56    _NavStatus_WrongVersionFlag
               exported name: NavStatus_WrongVersionFlag
       57    _Nav_LoadMaps
               exported name: Nav_LoadMaps
       58    _Nav_UnloadMaps
               exported name: Nav_UnloadMaps
       59    _QueryPolygons
               exported name: QueryPolygons
       60    _QueryPolygons_C
               exported name: QueryPolygons_C
       61    _Raycast_C
               exported name: Raycast_C
       62    _ResetNavStats
               exported name: ResetNavStats
       63    _ResetNavStats_C
               exported name: ResetNavStats_C
       64    _SetAreaCost
               exported name: SetAreaCost
       65    _SetAreaCost_C
               exported name: SetAreaCost_C
       66    _SetExcludeFlags
               exported name: SetExcludeFlags
       67    _SetExcludeFlags_C
               exported name: SetExcludeFlags_C
       68    _SetIncludeFlags
               exported name: SetIncludeFlags
       69    _SetIncludeFlags_C
               exported name: SetIncludeFlags_C
       70    _SetPathRandomization
               exported name: SetPathRandomization
       71    _SetTileStreamingEnabled
               exported name: SetTileStreamingEnabled
       72    _UpdateCorridorAgentPosition_C
               exported name: UpdateCorridorAgentPosition_C
       73    _UpdatePathFollowing
               exported name: UpdatePathFollowing
       74    _UpdatePathFollowing_C
               exported name: UpdatePathFollowing_C
       75    _UpdateSlicedFindPath
               exported name: UpdateSlicedFindPath
       76    _UpdateSlicedFindPathMs
               exported name: UpdateSlicedFindPathMs
       77    _WorldToTile_C
               exported name: WorldToTile_C
